21:08:56 **** Incremental Build of configuration Debug for project lab6 ****
make -j16 all 
Building file: ../src/main.c
Invoking: MCU GCC Compiler
/home/shay/a/will2253/workspace/lab6/Debug
arm-none-eabi-gcc -mcpu=cortex-m0 -mthumb -mfloat-abi=soft -DSTM32 -DSTM32F0 -DSTM32F091RCTx -DDEBUG -DSTM32F091 -DUSE_STDPERIPH_DRIVER -I"/home/shay/a/will2253/workspace/lab6/StdPeriph_Driver/inc" -I"/home/shay/a/will2253/workspace/lab6/inc" -I"/home/shay/a/will2253/workspace/lab6/CMSIS/device" -I"/home/shay/a/will2253/workspace/lab6/CMSIS/core" -O0 -g3 -Wall -fmessage-length=0 -ffunction-sections -c -MMD -MP -MF"src/main.d" -MT"src/main.o" -o "src/main.o" "../src/main.c"
Finished building: ../src/main.c
 
Building target: lab6.elf
Invoking: MCU GCC Linker
arm-none-eabi-gcc -mcpu=cortex-m0 -mthumb -mfloat-abi=soft -T"/home/shay/a/will2253/workspace/lab6/LinkerScript.ld" -Wl,-Map=output.map -Wl,--gc-sections -o "lab6.elf" @"objects.list"   -lm
Finished building target: lab6.elf
 
make --no-print-directory post-build
Generating binary and Printing size information:
arm-none-eabi-objcopy -O binary "lab6.elf" "lab6.bin"
arm-none-eabi-size "lab6.elf"
   text	   data	    bss	    dec	    hex	filename
   6016	   1104	   1140	   8260	   2044	lab6.elf
 
21:08:57 **** Incremental Build of configuration Debug for project lab6 ****
make -j16 all 
make: Nothing to be done for 'all'.
21:09:05 **** Incremental Build of configuration Debug for project lab6 ****
make -j16 all 
make: Nothing to be done for 'all'.
21:10:45 **** Incremental Build of configuration Debug for project lab6 ****
make -j16 all 
Building file: ../src/main.c
Invoking: MCU GCC Compiler
/home/shay/a/will2253/workspace/lab6/Debug
arm-none-eabi-gcc -mcpu=cortex-m0 -mthumb -mfloat-abi=soft -DSTM32 -DSTM32F0 -DSTM32F091RCTx -DDEBUG -DSTM32F091 -DUSE_STDPERIPH_DRIVER -I"/home/shay/a/will2253/workspace/lab6/StdPeriph_Driver/inc" -I"/home/shay/a/will2253/workspace/lab6/inc" -I"/home/shay/a/will2253/workspace/lab6/CMSIS/device" -I"/home/shay/a/will2253/workspace/lab6/CMSIS/core" -O0 -g3 -Wall -fmessage-length=0 -ffunction-sections -c -MMD -MP -MF"src/main.d" -MT"src/main.o" -o "src/main.o" "../src/main.c"
Finished building: ../src/main.c
 
Building target: lab6.elf
Invoking: MCU GCC Linker
arm-none-eabi-gcc -mcpu=cortex-m0 -mthumb -mfloat-abi=soft -T"/home/shay/a/will2253/workspace/lab6/LinkerScript.ld" -Wl,-Map=output.map -Wl,--gc-sections -o "lab6.elf" @"objects.list"   -lm
Finished building target: lab6.elf
 
make --no-print-directory post-build
Generating binary and Printing size information:
arm-none-eabi-objcopy -O binary "lab6.elf" "lab6.bin"
arm-none-eabi-size "lab6.elf"
   text	   data	    bss	    dec	    hex	filename
   6016	   1104	   1140	   8260	   2044	lab6.elf
 
21:11:33 **** Incremental Build of configuration Debug for project lab6 ****
make -j16 all 
make: Nothing to be done for 'all'.
21:16:03 **** Incremental Build of configuration Debug for project lab6 ****
make -j16 all 
Building file: ../src/main.c
Invoking: MCU GCC Compiler
/home/shay/a/will2253/workspace/lab6/Debug
arm-none-eabi-gcc -mcpu=cortex-m0 -mthumb -mfloat-abi=soft -DSTM32 -DSTM32F0 -DSTM32F091RCTx -DDEBUG -DSTM32F091 -DUSE_STDPERIPH_DRIVER -I"/home/shay/a/will2253/workspace/lab6/StdPeriph_Driver/inc" -I"/home/shay/a/will2253/workspace/lab6/inc" -I"/home/shay/a/will2253/workspace/lab6/CMSIS/device" -I"/home/shay/a/will2253/workspace/lab6/CMSIS/core" -O0 -g3 -Wall -fmessage-length=0 -ffunction-sections -c -MMD -MP -MF"src/main.d" -MT"src/main.o" -o "src/main.o" "../src/main.c"
Finished building: ../src/main.c
 
Building target: lab6.elf
Invoking: MCU GCC Linker
arm-none-eabi-gcc -mcpu=cortex-m0 -mthumb -mfloat-abi=soft -T"/home/shay/a/will2253/workspace/lab6/LinkerScript.ld" -Wl,-Map=output.map -Wl,--gc-sections -o "lab6.elf" @"objects.list"   -lm
Finished building target: lab6.elf
 
make --no-print-directory post-build
Generating binary and Printing size information:
arm-none-eabi-objcopy -O binary "lab6.elf" "lab6.bin"
arm-none-eabi-size "lab6.elf"
   text	   data	    bss	    dec	    hex	filename
   6032	   1104	   1140	   8276	   2054	lab6.elf
 
21:18:25 **** Incremental Build of configuration Debug for project lab6 ****
make -j16 all 
Building file: ../src/main.c
Invoking: MCU GCC Compiler
/home/shay/a/will2253/workspace/lab6/Debug
arm-none-eabi-gcc -mcpu=cortex-m0 -mthumb -mfloat-abi=soft -DSTM32 -DSTM32F0 -DSTM32F091RCTx -DDEBUG -DSTM32F091 -DUSE_STDPERIPH_DRIVER -I"/home/shay/a/will2253/workspace/lab6/StdPeriph_Driver/inc" -I"/home/shay/a/will2253/workspace/lab6/inc" -I"/home/shay/a/will2253/workspace/lab6/CMSIS/device" -I"/home/shay/a/will2253/workspace/lab6/CMSIS/core" -O0 -g3 -Wall -fmessage-length=0 -ffunction-sections -c -MMD -MP -MF"src/main.d" -MT"src/main.o" -o "src/main.o" "../src/main.c"
Finished building: ../src/main.c
 
Building target: lab6.elf
Invoking: MCU GCC Linker
arm-none-eabi-gcc -mcpu=cortex-m0 -mthumb -mfloat-abi=soft -T"/home/shay/a/will2253/workspace/lab6/LinkerScript.ld" -Wl,-Map=output.map -Wl,--gc-sections -o "lab6.elf" @"objects.list"   -lm
Finished building target: lab6.elf
 
make --no-print-directory post-build
Generating binary and Printing size information:
arm-none-eabi-objcopy -O binary "lab6.elf" "lab6.bin"
arm-none-eabi-size "lab6.elf"
   text	   data	    bss	    dec	    hex	filename
   6024	   1104	   1140	   8268	   204c	lab6.elf
 
21:18:46 **** Incremental Build of configuration Debug for project lab6 ****
make -j16 all 
Building file: ../src/main.c
Invoking: MCU GCC Compiler
/home/shay/a/will2253/workspace/lab6/Debug
arm-none-eabi-gcc -mcpu=cortex-m0 -mthumb -mfloat-abi=soft -DSTM32 -DSTM32F0 -DSTM32F091RCTx -DDEBUG -DSTM32F091 -DUSE_STDPERIPH_DRIVER -I"/home/shay/a/will2253/workspace/lab6/StdPeriph_Driver/inc" -I"/home/shay/a/will2253/workspace/lab6/inc" -I"/home/shay/a/will2253/workspace/lab6/CMSIS/device" -I"/home/shay/a/will2253/workspace/lab6/CMSIS/core" -O0 -g3 -Wall -fmessage-length=0 -ffunction-sections -c -MMD -MP -MF"src/main.d" -MT"src/main.o" -o "src/main.o" "../src/main.c"
Finished building: ../src/main.c
 
Building target: lab6.elf
Invoking: MCU GCC Linker
arm-none-eabi-gcc -mcpu=cortex-m0 -mthumb -mfloat-abi=soft -T"/home/shay/a/will2253/workspace/lab6/LinkerScript.ld" -Wl,-Map=output.map -Wl,--gc-sections -o "lab6.elf" @"objects.list"   -lm
Finished building target: lab6.elf
 
make --no-print-directory post-build
Generating binary and Printing size information:
arm-none-eabi-objcopy -O binary "lab6.elf" "lab6.bin"
arm-none-eabi-size "lab6.elf"
   text	   data	    bss	    dec	    hex	filename
   6024	   1104	   1140	   8268	   204c	lab6.elf
 
21:20:14 **** Incremental Build of configuration Debug for project lab6 ****
make -j16 all 
Building file: ../src/main.c
Invoking: MCU GCC Compiler
/home/shay/a/will2253/workspace/lab6/Debug
arm-none-eabi-gcc -mcpu=cortex-m0 -mthumb -mfloat-abi=soft -DSTM32 -DSTM32F0 -DSTM32F091RCTx -DDEBUG -DSTM32F091 -DUSE_STDPERIPH_DRIVER -I"/home/shay/a/will2253/workspace/lab6/StdPeriph_Driver/inc" -I"/home/shay/a/will2253/workspace/lab6/inc" -I"/home/shay/a/will2253/workspace/lab6/CMSIS/device" -I"/home/shay/a/will2253/workspace/lab6/CMSIS/core" -O0 -g3 -Wall -fmessage-length=0 -ffunction-sections -c -MMD -MP -MF"src/main.d" -MT"src/main.o" -o "src/main.o" "../src/main.c"
Finished building: ../src/main.c
 
Building target: lab6.elf
Invoking: MCU GCC Linker
arm-none-eabi-gcc -mcpu=cortex-m0 -mthumb -mfloat-abi=soft -T"/home/shay/a/will2253/workspace/lab6/LinkerScript.ld" -Wl,-Map=output.map -Wl,--gc-sections -o "lab6.elf" @"objects.list"   -lm
Finished building target: lab6.elf
 
make --no-print-directory post-build
Generating binary and Printing size information:
arm-none-eabi-objcopy -O binary "lab6.elf" "lab6.bin"
arm-none-eabi-size "lab6.elf"
   text	   data	    bss	    dec	    hex	filename
   6024	   1104	   1140	   8268	   204c	lab6.elf
 
21:31:20 **** Incremental Build of configuration Debug for project lab6 ****
make -j16 all 
Building file: ../src/main.c
Invoking: MCU GCC Compiler
/home/shay/a/will2253/workspace/lab6/Debug
arm-none-eabi-gcc -mcpu=cortex-m0 -mthumb -mfloat-abi=soft -DSTM32 -DSTM32F0 -DSTM32F091RCTx -DDEBUG -DSTM32F091 -DUSE_STDPERIPH_DRIVER -I"/home/shay/a/will2253/workspace/lab6/StdPeriph_Driver/inc" -I"/home/shay/a/will2253/workspace/lab6/inc" -I"/home/shay/a/will2253/workspace/lab6/CMSIS/device" -I"/home/shay/a/will2253/workspace/lab6/CMSIS/core" -O0 -g3 -Wall -fmessage-length=0 -ffunction-sections -c -MMD -MP -MF"src/main.d" -MT"src/main.o" -o "src/main.o" "../src/main.c"
Finished building: ../src/main.c
 
Building target: lab6.elf
Invoking: MCU GCC Linker
arm-none-eabi-gcc -mcpu=cortex-m0 -mthumb -mfloat-abi=soft -T"/home/shay/a/will2253/workspace/lab6/LinkerScript.ld" -Wl,-Map=output.map -Wl,--gc-sections -o "lab6.elf" @"objects.list"   -lm
Finished building target: lab6.elf
 
make --no-print-directory post-build
Generating binary and Printing size information:
arm-none-eabi-objcopy -O binary "lab6.elf" "lab6.bin"
arm-none-eabi-size "lab6.elf"
   text	   data	    bss	    dec	    hex	filename
   6384	   1104	   3276	  10764	   2a0c	lab6.elf
 
21:31:43 **** Incremental Build of configuration Debug for project lab6 ****
make -j16 all 
Building file: ../src/main.c
Invoking: MCU GCC Compiler
/home/shay/a/will2253/workspace/lab6/Debug
arm-none-eabi-gcc -mcpu=cortex-m0 -mthumb -mfloat-abi=soft -DSTM32 -DSTM32F0 -DSTM32F091RCTx -DDEBUG -DSTM32F091 -DUSE_STDPERIPH_DRIVER -I"/home/shay/a/will2253/workspace/lab6/StdPeriph_Driver/inc" -I"/home/shay/a/will2253/workspace/lab6/inc" -I"/home/shay/a/will2253/workspace/lab6/CMSIS/device" -I"/home/shay/a/will2253/workspace/lab6/CMSIS/core" -O0 -g3 -Wall -fmessage-length=0 -ffunction-sections -c -MMD -MP -MF"src/main.d" -MT"src/main.o" -o "src/main.o" "../src/main.c"
Finished building: ../src/main.c
 
Building target: lab6.elf
Invoking: MCU GCC Linker
arm-none-eabi-gcc -mcpu=cortex-m0 -mthumb -mfloat-abi=soft -T"/home/shay/a/will2253/workspace/lab6/LinkerScript.ld" -Wl,-Map=output.map -Wl,--gc-sections -o "lab6.elf" @"objects.list"   -lm
Finished building target: lab6.elf
 
make --no-print-directory post-build
Generating binary and Printing size information:
arm-none-eabi-objcopy -O binary "lab6.elf" "lab6.bin"
arm-none-eabi-size "lab6.elf"
   text	   data	    bss	    dec	    hex	filename
  20024	   1104	   3276	  24404	   5f54	lab6.elf
 
21:34:46 **** Incremental Build of configuration Debug for project lab6 ****
make -j16 all 
Building file: ../src/main.c
Invoking: MCU GCC Compiler
/home/shay/a/will2253/workspace/lab6/Debug
arm-none-eabi-gcc -mcpu=cortex-m0 -mthumb -mfloat-abi=soft -DSTM32 -DSTM32F0 -DSTM32F091RCTx -DDEBUG -DSTM32F091 -DUSE_STDPERIPH_DRIVER -I"/home/shay/a/will2253/workspace/lab6/StdPeriph_Driver/inc" -I"/home/shay/a/will2253/workspace/lab6/inc" -I"/home/shay/a/will2253/workspace/lab6/CMSIS/device" -I"/home/shay/a/will2253/workspace/lab6/CMSIS/core" -O0 -g3 -Wall -fmessage-length=0 -ffunction-sections -c -MMD -MP -MF"src/main.d" -MT"src/main.o" -o "src/main.o" "../src/main.c"
Finished building: ../src/main.c
 
Building target: lab6.elf
Invoking: MCU GCC Linker
arm-none-eabi-gcc -mcpu=cortex-m0 -mthumb -mfloat-abi=soft -T"/home/shay/a/will2253/workspace/lab6/LinkerScript.ld" -Wl,-Map=output.map -Wl,--gc-sections -o "lab6.elf" @"objects.list"   -lm
Finished building target: lab6.elf
 
make --no-print-directory post-build
Generating binary and Printing size information:
arm-none-eabi-objcopy -O binary "lab6.elf" "lab6.bin"
arm-none-eabi-size "lab6.elf"
   text	   data	    bss	    dec	    hex	filename
  20024	   1104	   3276	  24404	   5f54	lab6.elf
 
21:35:13 **** Incremental Build of configuration Debug for project lab6 ****
make -j16 all 
make: Nothing to be done for 'all'.
21:35:20 **** Incremental Build of configuration Debug for project lab6 ****
make -j16 all 
make: Nothing to be done for 'all'.
21:35:53 **** Incremental Build of configuration Debug for project lab6 ****
make -j16 all 
make: Nothing to be done for 'all'.
21:42:56 **** Incremental Build of configuration Debug for project lab6 ****
make -j16 all 
Building file: ../src/main.c
Invoking: MCU GCC Compiler
/home/shay/a/will2253/workspace/lab6/Debug
arm-none-eabi-gcc -mcpu=cortex-m0 -mthumb -mfloat-abi=soft -DSTM32 -DSTM32F0 -DSTM32F091RCTx -DDEBUG -DSTM32F091 -DUSE_STDPERIPH_DRIVER -I"/home/shay/a/will2253/workspace/lab6/StdPeriph_Driver/inc" -I"/home/shay/a/will2253/workspace/lab6/inc" -I"/home/shay/a/will2253/workspace/lab6/CMSIS/device" -I"/home/shay/a/will2253/workspace/lab6/CMSIS/core" -O0 -g3 -Wall -fmessage-length=0 -ffunction-sections -c -MMD -MP -MF"src/main.d" -MT"src/main.o" -o "src/main.o" "../src/main.c"
Finished building: ../src/main.c
 
Building target: lab6.elf
Invoking: MCU GCC Linker
arm-none-eabi-gcc -mcpu=cortex-m0 -mthumb -mfloat-abi=soft -T"/home/shay/a/will2253/workspace/lab6/LinkerScript.ld" -Wl,-Map=output.map -Wl,--gc-sections -o "lab6.elf" @"objects.list"   -lm
Finished building target: lab6.elf
 
make --no-print-directory post-build
Generating binary and Printing size information:
arm-none-eabi-objcopy -O binary "lab6.elf" "lab6.bin"
arm-none-eabi-size "lab6.elf"
   text	   data	    bss	    dec	    hex	filename
  20044	   1104	   3276	  24424	   5f68	lab6.elf
 
