22:56:18 **** Incremental Build of configuration Debug for project homework4 ****
make -j16 all 
Building file: ../src/hw4.s
Invoking: MCU GCC Assembler
/home/shay/a/will2253/workspace/homework4/Debug
arm-none-eabi-as -mcpu=cortex-m0 -mthumb -mfloat-abi=soft -I"/home/shay/a/will2253/workspace/homework4/StdPeriph_Driver/inc" -I"/home/shay/a/will2253/workspace/homework4/inc" -I"/home/shay/a/will2253/workspace/homework4/CMSIS/device" -I"/home/shay/a/will2253/workspace/homework4/CMSIS/core" -g -o "src/hw4.o" "../src/hw4.s"
Finished building: ../src/hw4.s
 
Building target: homework4.elf
Invoking: MCU GCC Linker
arm-none-eabi-gcc -mcpu=cortex-m0 -mthumb -mfloat-abi=soft -T"/home/shay/a/will2253/workspace/homework4/LinkerScript.ld" -Wl,-Map=output.map -Wl,--gc-sections -o "homework4.elf" @"objects.list"   -lm
Finished building target: homework4.elf
 
make --no-print-directory post-build
Generating binary and Printing size information:
arm-none-eabi-objcopy -O binary "homework4.elf" "homework4.bin"
arm-none-eabi-size "homework4.elf"
   text	   data	    bss	    dec	    hex	filename
  63592	   2548	   1152	  67292	  106dc	homework4.elf
 
22:56:21 **** Incremental Build of configuration Debug for project homework4 ****
make -j16 all 
make: Nothing to be done for 'all'.
