11:43:29 **** Incremental Build of configuration Debug for project lab6 ****
make -j16 all 
make: Nothing to be done for 'all'.
11:43:32 **** Incremental Build of configuration Debug for project lab6 ****
make -j16 all 
make: Nothing to be done for 'all'.
11:47:20 **** Incremental Build of configuration Debug for project lab6 ****
make -j16 all 
Building file: ../src/main.c
Invoking: MCU GCC Compiler
/home/shay/a/will2253/workspace/lab6/Debug
arm-none-eabi-gcc -mcpu=cortex-m0 -mthumb -mfloat-abi=soft -DSTM32 -DSTM32F0 -DSTM32F091RCTx -DDEBUG -DSTM32F091 -DUSE_STDPERIPH_DRIVER -I"/home/shay/a/will2253/workspace/lab6/StdPeriph_Driver/inc" -I"/home/shay/a/will2253/workspace/lab6/inc" -I"/home/shay/a/will2253/workspace/lab6/CMSIS/device" -I"/home/shay/a/will2253/workspace/lab6/CMSIS/core" -O0 -g3 -Wall -fmessage-length=0 -ffunction-sections -c -MMD -MP -MF"src/main.d" -MT"src/main.o" -o "src/main.o" "../src/main.c"
Finished building: ../src/main.c
 
Building target: lab6.elf
Invoking: MCU GCC Linker
arm-none-eabi-gcc -mcpu=cortex-m0 -mthumb -mfloat-abi=soft -T"/home/shay/a/will2253/workspace/lab6/LinkerScript.ld" -Wl,-Map=output.map -Wl,--gc-sections -o "lab6.elf" @"objects.list"   -lm
Finished building target: lab6.elf
 
make --no-print-directory post-build
Generating binary and Printing size information:
arm-none-eabi-objcopy -O binary "lab6.elf" "lab6.bin"
arm-none-eabi-size "lab6.elf"
   text	   data	    bss	    dec	    hex	filename
   6572	   1104	   3276	  10952	   2ac8	lab6.elf
 
11:47:31 **** Incremental Build of configuration Debug for project lab6 ****
make -j16 all 
Building file: ../src/main.c
Invoking: MCU GCC Compiler
/home/shay/a/will2253/workspace/lab6/Debug
arm-none-eabi-gcc -mcpu=cortex-m0 -mthumb -mfloat-abi=soft -DSTM32 -DSTM32F0 -DSTM32F091RCTx -DDEBUG -DSTM32F091 -DUSE_STDPERIPH_DRIVER -I"/home/shay/a/will2253/workspace/lab6/StdPeriph_Driver/inc" -I"/home/shay/a/will2253/workspace/lab6/inc" -I"/home/shay/a/will2253/workspace/lab6/CMSIS/device" -I"/home/shay/a/will2253/workspace/lab6/CMSIS/core" -O0 -g3 -Wall -fmessage-length=0 -ffunction-sections -c -MMD -MP -MF"src/main.d" -MT"src/main.o" -o "src/main.o" "../src/main.c"
Finished building: ../src/main.c
 
Building target: lab6.elf
Invoking: MCU GCC Linker
arm-none-eabi-gcc -mcpu=cortex-m0 -mthumb -mfloat-abi=soft -T"/home/shay/a/will2253/workspace/lab6/LinkerScript.ld" -Wl,-Map=output.map -Wl,--gc-sections -o "lab6.elf" @"objects.list"   -lm
Finished building target: lab6.elf
 
make --no-print-directory post-build
Generating binary and Printing size information:
arm-none-eabi-objcopy -O binary "lab6.elf" "lab6.bin"
arm-none-eabi-size "lab6.elf"
   text	   data	    bss	    dec	    hex	filename
  20588	   1104	   3276	  24968	   6188	lab6.elf
 
11:47:49 **** Incremental Build of configuration Debug for project lab6 ****
make -j16 all 
Building file: ../src/main.c
Invoking: MCU GCC Compiler
/home/shay/a/will2253/workspace/lab6/Debug
arm-none-eabi-gcc -mcpu=cortex-m0 -mthumb -mfloat-abi=soft -DSTM32 -DSTM32F0 -DSTM32F091RCTx -DDEBUG -DSTM32F091 -DUSE_STDPERIPH_DRIVER -I"/home/shay/a/will2253/workspace/lab6/StdPeriph_Driver/inc" -I"/home/shay/a/will2253/workspace/lab6/inc" -I"/home/shay/a/will2253/workspace/lab6/CMSIS/device" -I"/home/shay/a/will2253/workspace/lab6/CMSIS/core" -O0 -g3 -Wall -fmessage-length=0 -ffunction-sections -c -MMD -MP -MF"src/main.d" -MT"src/main.o" -o "src/main.o" "../src/main.c"
Finished building: ../src/main.c
 
Building target: lab6.elf
Invoking: MCU GCC Linker
arm-none-eabi-gcc -mcpu=cortex-m0 -mthumb -mfloat-abi=soft -T"/home/shay/a/will2253/workspace/lab6/LinkerScript.ld" -Wl,-Map=output.map -Wl,--gc-sections -o "lab6.elf" @"objects.list"   -lm
Finished building target: lab6.elf
 
make --no-print-directory post-build
Generating binary and Printing size information:
arm-none-eabi-objcopy -O binary "lab6.elf" "lab6.bin"
arm-none-eabi-size "lab6.elf"
   text	   data	    bss	    dec	    hex	filename
  34384	   2508	   3336	  40228	   9d24	lab6.elf
 
11:52:00 **** Incremental Build of configuration Debug for project lab6 ****
make -j16 all 
Building file: ../src/main.c
Invoking: MCU GCC Compiler
/home/shay/a/will2253/workspace/lab6/Debug
arm-none-eabi-gcc -mcpu=cortex-m0 -mthumb -mfloat-abi=soft -DSTM32 -DSTM32F0 -DSTM32F091RCTx -DDEBUG -DSTM32F091 -DUSE_STDPERIPH_DRIVER -I"/home/shay/a/will2253/workspace/lab6/StdPeriph_Driver/inc" -I"/home/shay/a/will2253/workspace/lab6/inc" -I"/home/shay/a/will2253/workspace/lab6/CMSIS/device" -I"/home/shay/a/will2253/workspace/lab6/CMSIS/core" -O0 -g3 -Wall -fmessage-length=0 -ffunction-sections -c -MMD -MP -MF"src/main.d" -MT"src/main.o" -o "src/main.o" "../src/main.c"
Finished building: ../src/main.c
 
Building target: lab6.elf
Invoking: MCU GCC Linker
arm-none-eabi-gcc -mcpu=cortex-m0 -mthumb -mfloat-abi=soft -T"/home/shay/a/will2253/workspace/lab6/LinkerScript.ld" -Wl,-Map=output.map -Wl,--gc-sections -o "lab6.elf" @"objects.list"   -lm
Finished building target: lab6.elf
 
make --no-print-directory post-build
Generating binary and Printing size information:
arm-none-eabi-objcopy -O binary "lab6.elf" "lab6.bin"
arm-none-eabi-size "lab6.elf"
   text	   data	    bss	    dec	    hex	filename
  20240	   1104	   3276	  24620	   602c	lab6.elf
 
11:57:45 **** Incremental Build of configuration Debug for project lab6 ****
make -j16 all 
Building file: ../src/main.c
Invoking: MCU GCC Compiler
/home/shay/a/will2253/workspace/lab6/Debug
arm-none-eabi-gcc -mcpu=cortex-m0 -mthumb -mfloat-abi=soft -DSTM32 -DSTM32F0 -DSTM32F091RCTx -DDEBUG -DSTM32F091 -DUSE_STDPERIPH_DRIVER -I"/home/shay/a/will2253/workspace/lab6/StdPeriph_Driver/inc" -I"/home/shay/a/will2253/workspace/lab6/inc" -I"/home/shay/a/will2253/workspace/lab6/CMSIS/device" -I"/home/shay/a/will2253/workspace/lab6/CMSIS/core" -O0 -g3 -Wall -fmessage-length=0 -ffunction-sections -c -MMD -MP -MF"src/main.d" -MT"src/main.o" -o "src/main.o" "../src/main.c"
Finished building: ../src/main.c
 
Building target: lab6.elf
Invoking: MCU GCC Linker
arm-none-eabi-gcc -mcpu=cortex-m0 -mthumb -mfloat-abi=soft -T"/home/shay/a/will2253/workspace/lab6/LinkerScript.ld" -Wl,-Map=output.map -Wl,--gc-sections -o "lab6.elf" @"objects.list"   -lm
Finished building target: lab6.elf
 
make --no-print-directory post-build
Generating binary and Printing size information:
arm-none-eabi-objcopy -O binary "lab6.elf" "lab6.bin"
arm-none-eabi-size "lab6.elf"
   text	   data	    bss	    dec	    hex	filename
  20596	   1104	   3276	  24976	   6190	lab6.elf
 
12:00:24 **** Incremental Build of configuration Debug for project lab6 ****
make -j16 all 
Building file: ../src/main.c
Invoking: MCU GCC Compiler
/home/shay/a/will2253/workspace/lab6/Debug
arm-none-eabi-gcc -mcpu=cortex-m0 -mthumb -mfloat-abi=soft -DSTM32 -DSTM32F0 -DSTM32F091RCTx -DDEBUG -DSTM32F091 -DUSE_STDPERIPH_DRIVER -I"/home/shay/a/will2253/workspace/lab6/StdPeriph_Driver/inc" -I"/home/shay/a/will2253/workspace/lab6/inc" -I"/home/shay/a/will2253/workspace/lab6/CMSIS/device" -I"/home/shay/a/will2253/workspace/lab6/CMSIS/core" -O0 -g3 -Wall -fmessage-length=0 -ffunction-sections -c -MMD -MP -MF"src/main.d" -MT"src/main.o" -o "src/main.o" "../src/main.c"
Finished building: ../src/main.c
 
Building target: lab6.elf
Invoking: MCU GCC Linker
arm-none-eabi-gcc -mcpu=cortex-m0 -mthumb -mfloat-abi=soft -T"/home/shay/a/will2253/workspace/lab6/LinkerScript.ld" -Wl,-Map=output.map -Wl,--gc-sections -o "lab6.elf" @"objects.list"   -lm
Finished building target: lab6.elf
 
make --no-print-directory post-build
Generating binary and Printing size information:
arm-none-eabi-objcopy -O binary "lab6.elf" "lab6.bin"
arm-none-eabi-size "lab6.elf"
   text	   data	    bss	    dec	    hex	filename
  34392	   2508	   3336	  40236	   9d2c	lab6.elf
 
12:02:09 **** Incremental Build of configuration Debug for project lab6 ****
make -j16 all 
make: Nothing to be done for 'all'.
12:02:27 **** Incremental Build of configuration Debug for project lab6 ****
make -j16 all 
Building file: ../src/main.c
Invoking: MCU GCC Compiler
/home/shay/a/will2253/workspace/lab6/Debug
arm-none-eabi-gcc -mcpu=cortex-m0 -mthumb -mfloat-abi=soft -DSTM32 -DSTM32F0 -DSTM32F091RCTx -DDEBUG -DSTM32F091 -DUSE_STDPERIPH_DRIVER -I"/home/shay/a/will2253/workspace/lab6/StdPeriph_Driver/inc" -I"/home/shay/a/will2253/workspace/lab6/inc" -I"/home/shay/a/will2253/workspace/lab6/CMSIS/device" -I"/home/shay/a/will2253/workspace/lab6/CMSIS/core" -O0 -g3 -Wall -fmessage-length=0 -ffunction-sections -c -MMD -MP -MF"src/main.d" -MT"src/main.o" -o "src/main.o" "../src/main.c"
Finished building: ../src/main.c
 
Building target: lab6.elf
Invoking: MCU GCC Linker
arm-none-eabi-gcc -mcpu=cortex-m0 -mthumb -mfloat-abi=soft -T"/home/shay/a/will2253/workspace/lab6/LinkerScript.ld" -Wl,-Map=output.map -Wl,--gc-sections -o "lab6.elf" @"objects.list"   -lm
Finished building target: lab6.elf
 
make --no-print-directory post-build
Generating binary and Printing size information:
arm-none-eabi-objcopy -O binary "lab6.elf" "lab6.bin"
arm-none-eabi-size "lab6.elf"
   text	   data	    bss	    dec	    hex	filename
  20248	   1104	   3276	  24628	   6034	lab6.elf
 
12:06:42 **** Incremental Build of configuration Debug for project lab6 ****
make -j16 all 
make: Nothing to be done for 'all'.
12:08:38 **** Incremental Build of configuration Debug for project lab6 ****
make -j16 all 
make: Nothing to be done for 'all'.
12:15:21 **** Incremental Build of configuration Debug for project lab6 ****
make -j16 all 
Building file: ../src/main.c
Invoking: MCU GCC Compiler
/home/shay/a/will2253/workspace/lab6/Debug
arm-none-eabi-gcc -mcpu=cortex-m0 -mthumb -mfloat-abi=soft -DSTM32 -DSTM32F0 -DSTM32F091RCTx -DDEBUG -DSTM32F091 -DUSE_STDPERIPH_DRIVER -I"/home/shay/a/will2253/workspace/lab6/StdPeriph_Driver/inc" -I"/home/shay/a/will2253/workspace/lab6/inc" -I"/home/shay/a/will2253/workspace/lab6/CMSIS/device" -I"/home/shay/a/will2253/workspace/lab6/CMSIS/core" -O0 -g3 -Wall -fmessage-length=0 -ffunction-sections -c -MMD -MP -MF"src/main.d" -MT"src/main.o" -o "src/main.o" "../src/main.c"
Finished building: ../src/main.c
 
Building target: lab6.elf
Invoking: MCU GCC Linker
arm-none-eabi-gcc -mcpu=cortex-m0 -mthumb -mfloat-abi=soft -T"/home/shay/a/will2253/workspace/lab6/LinkerScript.ld" -Wl,-Map=output.map -Wl,--gc-sections -o "lab6.elf" @"objects.list"   -lm
Finished building target: lab6.elf
 
make --no-print-directory post-build
Generating binary and Printing size information:
arm-none-eabi-objcopy -O binary "lab6.elf" "lab6.bin"
arm-none-eabi-size "lab6.elf"
   text	   data	    bss	    dec	    hex	filename
  20248	   1104	   3276	  24628	   6034	lab6.elf
 
12:26:33 **** Incremental Build of configuration Debug for project lab6 ****
make -j16 all 
Building file: ../src/main.c
Invoking: MCU GCC Compiler
/home/shay/a/will2253/workspace/lab6/Debug
arm-none-eabi-gcc -mcpu=cortex-m0 -mthumb -mfloat-abi=soft -DSTM32 -DSTM32F0 -DSTM32F091RCTx -DDEBUG -DSTM32F091 -DUSE_STDPERIPH_DRIVER -I"/home/shay/a/will2253/workspace/lab6/StdPeriph_Driver/inc" -I"/home/shay/a/will2253/workspace/lab6/inc" -I"/home/shay/a/will2253/workspace/lab6/CMSIS/device" -I"/home/shay/a/will2253/workspace/lab6/CMSIS/core" -O0 -g3 -Wall -fmessage-length=0 -ffunction-sections -c -MMD -MP -MF"src/main.d" -MT"src/main.o" -o "src/main.o" "../src/main.c"
Finished building: ../src/main.c
 
Building target: lab6.elf
Invoking: MCU GCC Linker
arm-none-eabi-gcc -mcpu=cortex-m0 -mthumb -mfloat-abi=soft -T"/home/shay/a/will2253/workspace/lab6/LinkerScript.ld" -Wl,-Map=output.map -Wl,--gc-sections -o "lab6.elf" @"objects.list"   -lm
Finished building target: lab6.elf
 
make --no-print-directory post-build
Generating binary and Printing size information:
arm-none-eabi-objcopy -O binary "lab6.elf" "lab6.bin"
arm-none-eabi-size "lab6.elf"
   text	   data	    bss	    dec	    hex	filename
  20248	   1104	   3276	  24628	   6034	lab6.elf
 
12:26:42 **** Incremental Build of configuration Debug for project lab6 ****
make -j16 all 
make: Nothing to be done for 'all'.
12:28:42 **** Incremental Build of configuration Debug for project lab6 ****
make -j16 all 
Building file: ../src/main.c
Invoking: MCU GCC Compiler
/home/shay/a/will2253/workspace/lab6/Debug
arm-none-eabi-gcc -mcpu=cortex-m0 -mthumb -mfloat-abi=soft -DSTM32 -DSTM32F0 -DSTM32F091RCTx -DDEBUG -DSTM32F091 -DUSE_STDPERIPH_DRIVER -I"/home/shay/a/will2253/workspace/lab6/StdPeriph_Driver/inc" -I"/home/shay/a/will2253/workspace/lab6/inc" -I"/home/shay/a/will2253/workspace/lab6/CMSIS/device" -I"/home/shay/a/will2253/workspace/lab6/CMSIS/core" -O0 -g3 -Wall -fmessage-length=0 -ffunction-sections -c -MMD -MP -MF"src/main.d" -MT"src/main.o" -o "src/main.o" "../src/main.c"
Finished building: ../src/main.c
 
Building target: lab6.elf
Invoking: MCU GCC Linker
arm-none-eabi-gcc -mcpu=cortex-m0 -mthumb -mfloat-abi=soft -T"/home/shay/a/will2253/workspace/lab6/LinkerScript.ld" -Wl,-Map=output.map -Wl,--gc-sections -o "lab6.elf" @"objects.list"   -lm
Finished building target: lab6.elf
 
make --no-print-directory post-build
Generating binary and Printing size information:
arm-none-eabi-objcopy -O binary "lab6.elf" "lab6.bin"
arm-none-eabi-size "lab6.elf"
   text	   data	    bss	    dec	    hex	filename
  20260	   1104	   3276	  24640	   6040	lab6.elf
 
12:28:58 **** Incremental Build of configuration Debug for project lab6 ****
make -j16 all 
make: Nothing to be done for 'all'.
12:29:33 **** Incremental Build of configuration Debug for project lab6 ****
make -j16 all 
Building file: ../src/main.c
Invoking: MCU GCC Compiler
/home/shay/a/will2253/workspace/lab6/Debug
arm-none-eabi-gcc -mcpu=cortex-m0 -mthumb -mfloat-abi=soft -DSTM32 -DSTM32F0 -DSTM32F091RCTx -DDEBUG -DSTM32F091 -DUSE_STDPERIPH_DRIVER -I"/home/shay/a/will2253/workspace/lab6/StdPeriph_Driver/inc" -I"/home/shay/a/will2253/workspace/lab6/inc" -I"/home/shay/a/will2253/workspace/lab6/CMSIS/device" -I"/home/shay/a/will2253/workspace/lab6/CMSIS/core" -O0 -g3 -Wall -fmessage-length=0 -ffunction-sections -c -MMD -MP -MF"src/main.d" -MT"src/main.o" -o "src/main.o" "../src/main.c"
Finished building: ../src/main.c
 
Building target: lab6.elf
Invoking: MCU GCC Linker
arm-none-eabi-gcc -mcpu=cortex-m0 -mthumb -mfloat-abi=soft -T"/home/shay/a/will2253/workspace/lab6/LinkerScript.ld" -Wl,-Map=output.map -Wl,--gc-sections -o "lab6.elf" @"objects.list"   -lm
Finished building target: lab6.elf
 
make --no-print-directory post-build
Generating binary and Printing size information:
arm-none-eabi-objcopy -O binary "lab6.elf" "lab6.bin"
arm-none-eabi-size "lab6.elf"
   text	   data	    bss	    dec	    hex	filename
  20260	   1104	   3276	  24640	   6040	lab6.elf
 
12:30:03 **** Incremental Build of configuration Debug for project lab6 ****
make -j16 all 
make: Nothing to be done for 'all'.
12:30:06 **** Incremental Build of configuration Debug for project lab6 ****
make -j16 all 
make: Nothing to be done for 'all'.
12:30:45 **** Incremental Build of configuration Debug for project lab6 ****
make -j16 all 
Building file: ../src/main.c
Invoking: MCU GCC Compiler
/home/shay/a/will2253/workspace/lab6/Debug
arm-none-eabi-gcc -mcpu=cortex-m0 -mthumb -mfloat-abi=soft -DSTM32 -DSTM32F0 -DSTM32F091RCTx -DDEBUG -DSTM32F091 -DUSE_STDPERIPH_DRIVER -I"/home/shay/a/will2253/workspace/lab6/StdPeriph_Driver/inc" -I"/home/shay/a/will2253/workspace/lab6/inc" -I"/home/shay/a/will2253/workspace/lab6/CMSIS/device" -I"/home/shay/a/will2253/workspace/lab6/CMSIS/core" -O0 -g3 -Wall -fmessage-length=0 -ffunction-sections -c -MMD -MP -MF"src/main.d" -MT"src/main.o" -o "src/main.o" "../src/main.c"
Finished building: ../src/main.c
 
Building target: lab6.elf
Invoking: MCU GCC Linker
arm-none-eabi-gcc -mcpu=cortex-m0 -mthumb -mfloat-abi=soft -T"/home/shay/a/will2253/workspace/lab6/LinkerScript.ld" -Wl,-Map=output.map -Wl,--gc-sections -o "lab6.elf" @"objects.list"   -lm
Finished building target: lab6.elf
 
make --no-print-directory post-build
Generating binary and Printing size information:
arm-none-eabi-objcopy -O binary "lab6.elf" "lab6.bin"
arm-none-eabi-size "lab6.elf"
   text	   data	    bss	    dec	    hex	filename
  20468	   1104	   3276	  24848	   6110	lab6.elf
 
12:34:21 **** Incremental Build of configuration Debug for project lab6 ****
make -j16 all 
make: Nothing to be done for 'all'.
12:40:11 **** Incremental Build of configuration Debug for project lab6 ****
make -j16 all 
Building file: ../src/main.c
Invoking: MCU GCC Compiler
/home/shay/a/will2253/workspace/lab6/Debug
arm-none-eabi-gcc -mcpu=cortex-m0 -mthumb -mfloat-abi=soft -DSTM32 -DSTM32F0 -DSTM32F091RCTx -DDEBUG -DSTM32F091 -DUSE_STDPERIPH_DRIVER -I"/home/shay/a/will2253/workspace/lab6/StdPeriph_Driver/inc" -I"/home/shay/a/will2253/workspace/lab6/inc" -I"/home/shay/a/will2253/workspace/lab6/CMSIS/device" -I"/home/shay/a/will2253/workspace/lab6/CMSIS/core" -O0 -g3 -Wall -fmessage-length=0 -ffunction-sections -c -MMD -MP -MF"src/main.d" -MT"src/main.o" -o "src/main.o" "../src/main.c"
Finished building: ../src/main.c
 
Building target: lab6.elf
Invoking: MCU GCC Linker
arm-none-eabi-gcc -mcpu=cortex-m0 -mthumb -mfloat-abi=soft -T"/home/shay/a/will2253/workspace/lab6/LinkerScript.ld" -Wl,-Map=output.map -Wl,--gc-sections -o "lab6.elf" @"objects.list"   -lm
Finished building target: lab6.elf
 
make --no-print-directory post-build
Generating binary and Printing size information:
arm-none-eabi-objcopy -O binary "lab6.elf" "lab6.bin"
arm-none-eabi-size "lab6.elf"
   text	   data	    bss	    dec	    hex	filename
  20468	   1104	   3276	  24848	   6110	lab6.elf
 
12:40:21 **** Incremental Build of configuration Debug for project lab6 ****
make -j16 all 
make: Nothing to be done for 'all'.
12:41:37 **** Incremental Build of configuration Debug for project lab6 ****
make -j16 all 
Building file: ../src/main.c
Invoking: MCU GCC Compiler
/home/shay/a/will2253/workspace/lab6/Debug
arm-none-eabi-gcc -mcpu=cortex-m0 -mthumb -mfloat-abi=soft -DSTM32 -DSTM32F0 -DSTM32F091RCTx -DDEBUG -DSTM32F091 -DUSE_STDPERIPH_DRIVER -I"/home/shay/a/will2253/workspace/lab6/StdPeriph_Driver/inc" -I"/home/shay/a/will2253/workspace/lab6/inc" -I"/home/shay/a/will2253/workspace/lab6/CMSIS/device" -I"/home/shay/a/will2253/workspace/lab6/CMSIS/core" -O0 -g3 -Wall -fmessage-length=0 -ffunction-sections -c -MMD -MP -MF"src/main.d" -MT"src/main.o" -o "src/main.o" "../src/main.c"
Finished building: ../src/main.c
 
Building target: lab6.elf
Invoking: MCU GCC Linker
arm-none-eabi-gcc -mcpu=cortex-m0 -mthumb -mfloat-abi=soft -T"/home/shay/a/will2253/workspace/lab6/LinkerScript.ld" -Wl,-Map=output.map -Wl,--gc-sections -o "lab6.elf" @"objects.list"   -lm
Finished building target: lab6.elf
 
make --no-print-directory post-build
Generating binary and Printing size information:
arm-none-eabi-objcopy -O binary "lab6.elf" "lab6.bin"
arm-none-eabi-size "lab6.elf"
   text	   data	    bss	    dec	    hex	filename
  34600	   2508	   3336	  40444	   9dfc	lab6.elf
 
12:41:48 **** Incremental Build of configuration Debug for project lab6 ****
make -j16 all 
make: Nothing to be done for 'all'.
12:42:05 **** Incremental Build of configuration Debug for project lab6 ****
make -j16 all 
make: Nothing to be done for 'all'.
12:43:05 **** Incremental Build of configuration Debug for project lab6 ****
make -j16 all 
make: Nothing to be done for 'all'.
12:43:42 **** Incremental Build of configuration Debug for project lab6 ****
make -j16 all 
make: Nothing to be done for 'all'.
12:44:25 **** Incremental Build of configuration Debug for project lab6 ****
make -j16 all 
Building file: ../src/main.c
Invoking: MCU GCC Compiler
/home/shay/a/will2253/workspace/lab6/Debug
arm-none-eabi-gcc -mcpu=cortex-m0 -mthumb -mfloat-abi=soft -DSTM32 -DSTM32F0 -DSTM32F091RCTx -DDEBUG -DSTM32F091 -DUSE_STDPERIPH_DRIVER -I"/home/shay/a/will2253/workspace/lab6/StdPeriph_Driver/inc" -I"/home/shay/a/will2253/workspace/lab6/inc" -I"/home/shay/a/will2253/workspace/lab6/CMSIS/device" -I"/home/shay/a/will2253/workspace/lab6/CMSIS/core" -O0 -g3 -Wall -fmessage-length=0 -ffunction-sections -c -MMD -MP -MF"src/main.d" -MT"src/main.o" -o "src/main.o" "../src/main.c"
Finished building: ../src/main.c
 
Building target: lab6.elf
Invoking: MCU GCC Linker
arm-none-eabi-gcc -mcpu=cortex-m0 -mthumb -mfloat-abi=soft -T"/home/shay/a/will2253/workspace/lab6/LinkerScript.ld" -Wl,-Map=output.map -Wl,--gc-sections -o "lab6.elf" @"objects.list"   -lm
Finished building target: lab6.elf
 
make --no-print-directory post-build
Generating binary and Printing size information:
arm-none-eabi-objcopy -O binary "lab6.elf" "lab6.bin"
arm-none-eabi-size "lab6.elf"
   text	   data	    bss	    dec	    hex	filename
  20468	   1104	   3276	  24848	   6110	lab6.elf
 
12:47:49 **** Incremental Build of configuration Debug for project lab6 ****
make -j16 all 
make: Nothing to be done for 'all'.
12:48:07 **** Incremental Build of configuration Debug for project lab6 ****
make -j16 all 
make: Nothing to be done for 'all'.
12:48:15 **** Incremental Build of configuration Debug for project lab6 ****
make -j16 all 
make: Nothing to be done for 'all'.
12:48:42 **** Incremental Build of configuration Debug for project lab6 ****
make -j16 all 
Building file: ../src/main.c
Invoking: MCU GCC Compiler
/home/shay/a/will2253/workspace/lab6/Debug
arm-none-eabi-gcc -mcpu=cortex-m0 -mthumb -mfloat-abi=soft -DSTM32 -DSTM32F0 -DSTM32F091RCTx -DDEBUG -DSTM32F091 -DUSE_STDPERIPH_DRIVER -I"/home/shay/a/will2253/workspace/lab6/StdPeriph_Driver/inc" -I"/home/shay/a/will2253/workspace/lab6/inc" -I"/home/shay/a/will2253/workspace/lab6/CMSIS/device" -I"/home/shay/a/will2253/workspace/lab6/CMSIS/core" -O0 -g3 -Wall -fmessage-length=0 -ffunction-sections -c -MMD -MP -MF"src/main.d" -MT"src/main.o" -o "src/main.o" "../src/main.c"
Finished building: ../src/main.c
 
Building target: lab6.elf
Invoking: MCU GCC Linker
arm-none-eabi-gcc -mcpu=cortex-m0 -mthumb -mfloat-abi=soft -T"/home/shay/a/will2253/workspace/lab6/LinkerScript.ld" -Wl,-Map=output.map -Wl,--gc-sections -o "lab6.elf" @"objects.list"   -lm
Finished building target: lab6.elf
 
make --no-print-directory post-build
Generating binary and Printing size information:
arm-none-eabi-objcopy -O binary "lab6.elf" "lab6.bin"
arm-none-eabi-size "lab6.elf"
   text	   data	    bss	    dec	    hex	filename
  20456	   1104	   3276	  24836	   6104	lab6.elf
 
