23:40:44 **** Incremental Build of configuration Debug for project homework4 ****
make -j16 all 
Building file: ../src/hw4.s
Invoking: MCU GCC Assembler
/home/shay/a/will2253/workspace/homework4/Debug
arm-none-eabi-as -mcpu=cortex-m0 -mthumb -mfloat-abi=soft -I"/home/shay/a/will2253/workspace/homework4/StdPeriph_Driver/inc" -I"/home/shay/a/will2253/workspace/homework4/inc" -I"/home/shay/a/will2253/workspace/homework4/CMSIS/device" -I"/home/shay/a/will2253/workspace/homework4/CMSIS/core" -g -o "src/hw4.o" "../src/hw4.s"
Finished building: ../src/hw4.s
 
Building target: homework4.elf
Invoking: MCU GCC Linker
arm-none-eabi-gcc -mcpu=cortex-m0 -mthumb -mfloat-abi=soft -T"/home/shay/a/will2253/workspace/homework4/LinkerScript.ld" -Wl,-Map=output.map -Wl,--gc-sections -o "homework4.elf" @"objects.list"   -lm
Finished building target: homework4.elf
 
make --no-print-directory post-build
Generating binary and Printing size information:
arm-none-eabi-objcopy -O binary "homework4.elf" "homework4.bin"
arm-none-eabi-size "homework4.elf"
   text	   data	    bss	    dec	    hex	filename
  63640	   2548	   1152	  67340	  1070c	homework4.elf
 
23:40:50 **** Incremental Build of configuration Debug for project homework4 ****
make -j16 all 
make: Nothing to be done for 'all'.
23:45:04 **** Incremental Build of configuration Debug for project homework4 ****
make -j16 all 
make: Nothing to be done for 'all'.
23:47:14 **** Incremental Build of configuration Debug for project homework4 ****
make -j16 all 
Building file: ../src/hw4.s
Invoking: MCU GCC Assembler
/home/shay/a/will2253/workspace/homework4/Debug
arm-none-eabi-as -mcpu=cortex-m0 -mthumb -mfloat-abi=soft -I"/home/shay/a/will2253/workspace/homework4/StdPeriph_Driver/inc" -I"/home/shay/a/will2253/workspace/homework4/inc" -I"/home/shay/a/will2253/workspace/homework4/CMSIS/device" -I"/home/shay/a/will2253/workspace/homework4/CMSIS/core" -g -o "src/hw4.o" "../src/hw4.s"
Finished building: ../src/hw4.s
 
Building target: homework4.elf
Invoking: MCU GCC Linker
arm-none-eabi-gcc -mcpu=cortex-m0 -mthumb -mfloat-abi=soft -T"/home/shay/a/will2253/workspace/homework4/LinkerScript.ld" -Wl,-Map=output.map -Wl,--gc-sections -o "homework4.elf" @"objects.list"   -lm
Finished building target: homework4.elf
 
make --no-print-directory post-build
Generating binary and Printing size information:
arm-none-eabi-objcopy -O binary "homework4.elf" "homework4.bin"
arm-none-eabi-size "homework4.elf"
   text	   data	    bss	    dec	    hex	filename
  63644	   2548	   1152	  67344	  10710	homework4.elf
 
23:53:11 **** Incremental Build of configuration Debug for project homework4 ****
make -j16 all 
Building file: ../src/hw4.s
Invoking: MCU GCC Assembler
/home/shay/a/will2253/workspace/homework4/Debug
arm-none-eabi-as -mcpu=cortex-m0 -mthumb -mfloat-abi=soft -I"/home/shay/a/will2253/workspace/homework4/StdPeriph_Driver/inc" -I"/home/shay/a/will2253/workspace/homework4/inc" -I"/home/shay/a/will2253/workspace/homework4/CMSIS/device" -I"/home/shay/a/will2253/workspace/homework4/CMSIS/core" -g -o "src/hw4.o" "../src/hw4.s"
Finished building: ../src/hw4.s
 
Building target: homework4.elf
Invoking: MCU GCC Linker
arm-none-eabi-gcc -mcpu=cortex-m0 -mthumb -mfloat-abi=soft -T"/home/shay/a/will2253/workspace/homework4/LinkerScript.ld" -Wl,-Map=output.map -Wl,--gc-sections -o "homework4.elf" @"objects.list"   -lm
Finished building target: homework4.elf
 
make --no-print-directory post-build
Generating binary and Printing size information:
arm-none-eabi-objcopy -O binary "homework4.elf" "homework4.bin"
arm-none-eabi-size "homework4.elf"
   text	   data	    bss	    dec	    hex	filename
  63704	   2548	   1152	  67404	  1074c	homework4.elf
 
23:53:11 **** Build of configuration Debug for project lab0 ****
make -j16 all 
make: Nothing to be done for 'all'.
23:53:11 **** Build of configuration Debug for project lab1 ****
make -j16 all 
make: Nothing to be done for 'all'.
23:53:12 **** Build of configuration Debug for project lab2 ****
make -j16 all 
make: Nothing to be done for 'all'.
23:53:12 **** Build of configuration Debug for project lab3 ****
make -j16 all 
Building file: ../src/main.s
Invoking: MCU GCC Assembler
/home/shay/a/will2253/workspace/lab3/Debug
arm-none-eabi-as -mcpu=cortex-m0 -mthumb -mfloat-abi=soft -I"/home/shay/a/will2253/workspace/lab3/StdPeriph_Driver/inc" -I"/home/shay/a/will2253/workspace/lab3/inc" -I"/home/shay/a/will2253/workspace/lab3/CMSIS/device" -I"/home/shay/a/will2253/workspace/lab3/CMSIS/core" -g -o "src/main.o" "../src/main.s"
../src/main.s: Assembler messages:
../src/main.s:100: Error: shift expression expected -- `lsls r1,r0,'
src/subdir.mk:28: recipe for target 'src/main.o' failed
make: *** [src/main.o] Error 1
23:54:13 **** Incremental Build of configuration Debug for project homework4 ****
make -j16 all 
Building file: ../src/hw4.s
Invoking: MCU GCC Assembler
/home/shay/a/will2253/workspace/homework4/Debug
arm-none-eabi-as -mcpu=cortex-m0 -mthumb -mfloat-abi=soft -I"/home/shay/a/will2253/workspace/homework4/StdPeriph_Driver/inc" -I"/home/shay/a/will2253/workspace/homework4/inc" -I"/home/shay/a/will2253/workspace/homework4/CMSIS/device" -I"/home/shay/a/will2253/workspace/homework4/CMSIS/core" -g -o "src/hw4.o" "../src/hw4.s"
Finished building: ../src/hw4.s
 
Building target: homework4.elf
Invoking: MCU GCC Linker
arm-none-eabi-gcc -mcpu=cortex-m0 -mthumb -mfloat-abi=soft -T"/home/shay/a/will2253/workspace/homework4/LinkerScript.ld" -Wl,-Map=output.map -Wl,--gc-sections -o "homework4.elf" @"objects.list"   -lm
Finished building target: homework4.elf
 
make --no-print-directory post-build
Generating binary and Printing size information:
arm-none-eabi-objcopy -O binary "homework4.elf" "homework4.bin"
arm-none-eabi-size "homework4.elf"
   text	   data	    bss	    dec	    hex	filename
  63704	   2548	   1152	  67404	  1074c	homework4.elf
 
23:55:27 **** Incremental Build of configuration Debug for project homework4 ****
make -j16 all 
make: Nothing to be done for 'all'.
23:59:14 **** Incremental Build of configuration Debug for project homework4 ****
make -j16 all 
Building file: ../src/hw4.s
Invoking: MCU GCC Assembler
/home/shay/a/will2253/workspace/homework4/Debug
arm-none-eabi-as -mcpu=cortex-m0 -mthumb -mfloat-abi=soft -I"/home/shay/a/will2253/workspace/homework4/StdPeriph_Driver/inc" -I"/home/shay/a/will2253/workspace/homework4/inc" -I"/home/shay/a/will2253/workspace/homework4/CMSIS/device" -I"/home/shay/a/will2253/workspace/homework4/CMSIS/core" -g -o "src/hw4.o" "../src/hw4.s"
Finished building: ../src/hw4.s
 
Building target: homework4.elf
Invoking: MCU GCC Linker
arm-none-eabi-gcc -mcpu=cortex-m0 -mthumb -mfloat-abi=soft -T"/home/shay/a/will2253/workspace/homework4/LinkerScript.ld" -Wl,-Map=output.map -Wl,--gc-sections -o "homework4.elf" @"objects.list"   -lm
Finished building target: homework4.elf
 
make --no-print-directory post-build
Generating binary and Printing size information:
arm-none-eabi-objcopy -O binary "homework4.elf" "homework4.bin"
arm-none-eabi-size "homework4.elf"
   text	   data	    bss	    dec	    hex	filename
  63700	   2548	   1152	  67400	  10748	homework4.elf
 
23:59:33 **** Incremental Build of configuration Debug for project homework4 ****
make -j16 all 
Building file: ../src/hw4.s
Invoking: MCU GCC Assembler
/home/shay/a/will2253/workspace/homework4/Debug
arm-none-eabi-as -mcpu=cortex-m0 -mthumb -mfloat-abi=soft -I"/home/shay/a/will2253/workspace/homework4/StdPeriph_Driver/inc" -I"/home/shay/a/will2253/workspace/homework4/inc" -I"/home/shay/a/will2253/workspace/homework4/CMSIS/device" -I"/home/shay/a/will2253/workspace/homework4/CMSIS/core" -g -o "src/hw4.o" "../src/hw4.s"
Finished building: ../src/hw4.s
 
Building target: homework4.elf
Invoking: MCU GCC Linker
arm-none-eabi-gcc -mcpu=cortex-m0 -mthumb -mfloat-abi=soft -T"/home/shay/a/will2253/workspace/homework4/LinkerScript.ld" -Wl,-Map=output.map -Wl,--gc-sections -o "homework4.elf" @"objects.list"   -lm
Finished building target: homework4.elf
 
make --no-print-directory post-build
Generating binary and Printing size information:
arm-none-eabi-objcopy -O binary "homework4.elf" "homework4.bin"
arm-none-eabi-size "homework4.elf"
   text	   data	    bss	    dec	    hex	filename
  63704	   2548	   1152	  67404	  1074c	homework4.elf
 
23:59:57 **** Incremental Build of configuration Debug for project homework4 ****
make -j16 all 
Building file: ../src/hw4.s
Invoking: MCU GCC Assembler
/home/shay/a/will2253/workspace/homework4/Debug
arm-none-eabi-as -mcpu=cortex-m0 -mthumb -mfloat-abi=soft -I"/home/shay/a/will2253/workspace/homework4/StdPeriph_Driver/inc" -I"/home/shay/a/will2253/workspace/homework4/inc" -I"/home/shay/a/will2253/workspace/homework4/CMSIS/device" -I"/home/shay/a/will2253/workspace/homework4/CMSIS/core" -g -o "src/hw4.o" "../src/hw4.s"
Finished building: ../src/hw4.s
 
Building target: homework4.elf
Invoking: MCU GCC Linker
arm-none-eabi-gcc -mcpu=cortex-m0 -mthumb -mfloat-abi=soft -T"/home/shay/a/will2253/workspace/homework4/LinkerScript.ld" -Wl,-Map=output.map -Wl,--gc-sections -o "homework4.elf" @"objects.list"   -lm
Finished building target: homework4.elf
 
make --no-print-directory post-build
Generating binary and Printing size information:
arm-none-eabi-objcopy -O binary "homework4.elf" "homework4.bin"
arm-none-eabi-size "homework4.elf"
   text	   data	    bss	    dec	    hex	filename
  63704	   2548	   1152	  67404	  1074c	homework4.elf
 
00:21:13 **** Incremental Build of configuration Debug for project homework4 ****
make -j16 all 
Building file: ../src/hw4.s
Invoking: MCU GCC Assembler
/home/shay/a/will2253/workspace/homework4/Debug
arm-none-eabi-as -mcpu=cortex-m0 -mthumb -mfloat-abi=soft -I"/home/shay/a/will2253/workspace/homework4/StdPeriph_Driver/inc" -I"/home/shay/a/will2253/workspace/homework4/inc" -I"/home/shay/a/will2253/workspace/homework4/CMSIS/device" -I"/home/shay/a/will2253/workspace/homework4/CMSIS/core" -g -o "src/hw4.o" "../src/hw4.s"
../src/hw4.s: Assembler messages:
../src/hw4.s:105: Error: missing expression -- `movs r0,'
make: *** [src/hw4.o] Error 1
src/subdir.mk:30: recipe for target 'src/hw4.o' failed
00:21:23 **** Incremental Build of configuration Debug for project homework4 ****
make -j16 all 
Building file: ../src/hw4.s
Invoking: MCU GCC Assembler
/home/shay/a/will2253/workspace/homework4/Debug
arm-none-eabi-as -mcpu=cortex-m0 -mthumb -mfloat-abi=soft -I"/home/shay/a/will2253/workspace/homework4/StdPeriph_Driver/inc" -I"/home/shay/a/will2253/workspace/homework4/inc" -I"/home/shay/a/will2253/workspace/homework4/CMSIS/device" -I"/home/shay/a/will2253/workspace/homework4/CMSIS/core" -g -o "src/hw4.o" "../src/hw4.s"
Finished building: ../src/hw4.s
 
Building target: homework4.elf
Invoking: MCU GCC Linker
arm-none-eabi-gcc -mcpu=cortex-m0 -mthumb -mfloat-abi=soft -T"/home/shay/a/will2253/workspace/homework4/LinkerScript.ld" -Wl,-Map=output.map -Wl,--gc-sections -o "homework4.elf" @"objects.list"   -lm
Finished building target: homework4.elf
 
make --no-print-directory post-build
Generating binary and Printing size information:
arm-none-eabi-objcopy -O binary "homework4.elf" "homework4.bin"
arm-none-eabi-size "homework4.elf"
   text	   data	    bss	    dec	    hex	filename
  63736	   2548	   1152	  67436	  1076c	homework4.elf
 
00:22:08 **** Incremental Build of configuration Debug for project homework4 ****
make -j16 all 
Building file: ../src/hw4.s
Invoking: MCU GCC Assembler
/home/shay/a/will2253/workspace/homework4/Debug
arm-none-eabi-as -mcpu=cortex-m0 -mthumb -mfloat-abi=soft -I"/home/shay/a/will2253/workspace/homework4/StdPeriph_Driver/inc" -I"/home/shay/a/will2253/workspace/homework4/inc" -I"/home/shay/a/will2253/workspace/homework4/CMSIS/device" -I"/home/shay/a/will2253/workspace/homework4/CMSIS/core" -g -o "src/hw4.o" "../src/hw4.s"
Finished building: ../src/hw4.s
 
Building target: homework4.elf
Invoking: MCU GCC Linker
arm-none-eabi-gcc -mcpu=cortex-m0 -mthumb -mfloat-abi=soft -T"/home/shay/a/will2253/workspace/homework4/LinkerScript.ld" -Wl,-Map=output.map -Wl,--gc-sections -o "homework4.elf" @"objects.list"   -lm
Finished building target: homework4.elf
 
make --no-print-directory post-build
Generating binary and Printing size information:
arm-none-eabi-objcopy -O binary "homework4.elf" "homework4.bin"
arm-none-eabi-size "homework4.elf"
   text	   data	    bss	    dec	    hex	filename
  63736	   2548	   1152	  67436	  1076c	homework4.elf
 
00:23:09 **** Incremental Build of configuration Debug for project homework4 ****
make -j16 all 
Building file: ../src/hw4.s
Invoking: MCU GCC Assembler
/home/shay/a/will2253/workspace/homework4/Debug
arm-none-eabi-as -mcpu=cortex-m0 -mthumb -mfloat-abi=soft -I"/home/shay/a/will2253/workspace/homework4/StdPeriph_Driver/inc" -I"/home/shay/a/will2253/workspace/homework4/inc" -I"/home/shay/a/will2253/workspace/homework4/CMSIS/device" -I"/home/shay/a/will2253/workspace/homework4/CMSIS/core" -g -o "src/hw4.o" "../src/hw4.s"
Finished building: ../src/hw4.s
 
Building target: homework4.elf
Invoking: MCU GCC Linker
arm-none-eabi-gcc -mcpu=cortex-m0 -mthumb -mfloat-abi=soft -T"/home/shay/a/will2253/workspace/homework4/LinkerScript.ld" -Wl,-Map=output.map -Wl,--gc-sections -o "homework4.elf" @"objects.list"   -lm
Finished building target: homework4.elf
 
make --no-print-directory post-build
Generating binary and Printing size information:
arm-none-eabi-objcopy -O binary "homework4.elf" "homework4.bin"
arm-none-eabi-size "homework4.elf"
   text	   data	    bss	    dec	    hex	filename
  63736	   2548	   1152	  67436	  1076c	homework4.elf
 
00:24:02 **** Incremental Build of configuration Debug for project homework4 ****
make -j16 all 
Building file: ../src/hw4.s
Invoking: MCU GCC Assembler
/home/shay/a/will2253/workspace/homework4/Debug
arm-none-eabi-as -mcpu=cortex-m0 -mthumb -mfloat-abi=soft -I"/home/shay/a/will2253/workspace/homework4/StdPeriph_Driver/inc" -I"/home/shay/a/will2253/workspace/homework4/inc" -I"/home/shay/a/will2253/workspace/homework4/CMSIS/device" -I"/home/shay/a/will2253/workspace/homework4/CMSIS/core" -g -o "src/hw4.o" "../src/hw4.s"
Finished building: ../src/hw4.s
 
Building target: homework4.elf
Invoking: MCU GCC Linker
arm-none-eabi-gcc -mcpu=cortex-m0 -mthumb -mfloat-abi=soft -T"/home/shay/a/will2253/workspace/homework4/LinkerScript.ld" -Wl,-Map=output.map -Wl,--gc-sections -o "homework4.elf" @"objects.list"   -lm
Finished building target: homework4.elf
 
make --no-print-directory post-build
Generating binary and Printing size information:
arm-none-eabi-objcopy -O binary "homework4.elf" "homework4.bin"
arm-none-eabi-size "homework4.elf"
   text	   data	    bss	    dec	    hex	filename
  63736	   2548	   1152	  67436	  1076c	homework4.elf
 
00:24:29 **** Incremental Build of configuration Debug for project homework4 ****
make -j16 all 
Building file: ../src/hw4.s
Invoking: MCU GCC Assembler
/home/shay/a/will2253/workspace/homework4/Debug
arm-none-eabi-as -mcpu=cortex-m0 -mthumb -mfloat-abi=soft -I"/home/shay/a/will2253/workspace/homework4/StdPeriph_Driver/inc" -I"/home/shay/a/will2253/workspace/homework4/inc" -I"/home/shay/a/will2253/workspace/homework4/CMSIS/device" -I"/home/shay/a/will2253/workspace/homework4/CMSIS/core" -g -o "src/hw4.o" "../src/hw4.s"
Finished building: ../src/hw4.s
 
Building target: homework4.elf
Invoking: MCU GCC Linker
arm-none-eabi-gcc -mcpu=cortex-m0 -mthumb -mfloat-abi=soft -T"/home/shay/a/will2253/workspace/homework4/LinkerScript.ld" -Wl,-Map=output.map -Wl,--gc-sections -o "homework4.elf" @"objects.list"   -lm
Finished building target: homework4.elf
 
make --no-print-directory post-build
Generating binary and Printing size information:
arm-none-eabi-objcopy -O binary "homework4.elf" "homework4.bin"
arm-none-eabi-size "homework4.elf"
   text	   data	    bss	    dec	    hex	filename
  63736	   2548	   1152	  67436	  1076c	homework4.elf
 
00:24:54 **** Incremental Build of configuration Debug for project homework4 ****
make -j16 all 
Building file: ../src/hw4.s
Invoking: MCU GCC Assembler
/home/shay/a/will2253/workspace/homework4/Debug
arm-none-eabi-as -mcpu=cortex-m0 -mthumb -mfloat-abi=soft -I"/home/shay/a/will2253/workspace/homework4/StdPeriph_Driver/inc" -I"/home/shay/a/will2253/workspace/homework4/inc" -I"/home/shay/a/will2253/workspace/homework4/CMSIS/device" -I"/home/shay/a/will2253/workspace/homework4/CMSIS/core" -g -o "src/hw4.o" "../src/hw4.s"
Finished building: ../src/hw4.s
 
Building target: homework4.elf
Invoking: MCU GCC Linker
arm-none-eabi-gcc -mcpu=cortex-m0 -mthumb -mfloat-abi=soft -T"/home/shay/a/will2253/workspace/homework4/LinkerScript.ld" -Wl,-Map=output.map -Wl,--gc-sections -o "homework4.elf" @"objects.list"   -lm
Finished building target: homework4.elf
 
make --no-print-directory post-build
Generating binary and Printing size information:
arm-none-eabi-objcopy -O binary "homework4.elf" "homework4.bin"
arm-none-eabi-size "homework4.elf"
   text	   data	    bss	    dec	    hex	filename
  63732	   2548	   1152	  67432	  10768	homework4.elf
 
00:25:16 **** Incremental Build of configuration Debug for project homework4 ****
make -j16 all 
Building file: ../src/hw4.s
Invoking: MCU GCC Assembler
/home/shay/a/will2253/workspace/homework4/Debug
arm-none-eabi-as -mcpu=cortex-m0 -mthumb -mfloat-abi=soft -I"/home/shay/a/will2253/workspace/homework4/StdPeriph_Driver/inc" -I"/home/shay/a/will2253/workspace/homework4/inc" -I"/home/shay/a/will2253/workspace/homework4/CMSIS/device" -I"/home/shay/a/will2253/workspace/homework4/CMSIS/core" -g -o "src/hw4.o" "../src/hw4.s"
Finished building: ../src/hw4.s
 
Building target: homework4.elf
Invoking: MCU GCC Linker
arm-none-eabi-gcc -mcpu=cortex-m0 -mthumb -mfloat-abi=soft -T"/home/shay/a/will2253/workspace/homework4/LinkerScript.ld" -Wl,-Map=output.map -Wl,--gc-sections -o "homework4.elf" @"objects.list"   -lm
Finished building target: homework4.elf
 
make --no-print-directory post-build
Generating binary and Printing size information:
arm-none-eabi-objcopy -O binary "homework4.elf" "homework4.bin"
arm-none-eabi-size "homework4.elf"
   text	   data	    bss	    dec	    hex	filename
  63736	   2548	   1152	  67436	  1076c	homework4.elf
 
00:25:33 **** Incremental Build of configuration Debug for project homework4 ****
make -j16 all 
Building file: ../src/hw4.s
Invoking: MCU GCC Assembler
/home/shay/a/will2253/workspace/homework4/Debug
arm-none-eabi-as -mcpu=cortex-m0 -mthumb -mfloat-abi=soft -I"/home/shay/a/will2253/workspace/homework4/StdPeriph_Driver/inc" -I"/home/shay/a/will2253/workspace/homework4/inc" -I"/home/shay/a/will2253/workspace/homework4/CMSIS/device" -I"/home/shay/a/will2253/workspace/homework4/CMSIS/core" -g -o "src/hw4.o" "../src/hw4.s"
Finished building: ../src/hw4.s
 
Building target: homework4.elf
Invoking: MCU GCC Linker
arm-none-eabi-gcc -mcpu=cortex-m0 -mthumb -mfloat-abi=soft -T"/home/shay/a/will2253/workspace/homework4/LinkerScript.ld" -Wl,-Map=output.map -Wl,--gc-sections -o "homework4.elf" @"objects.list"   -lm
Finished building target: homework4.elf
 
make --no-print-directory post-build
Generating binary and Printing size information:
arm-none-eabi-objcopy -O binary "homework4.elf" "homework4.bin"
arm-none-eabi-size "homework4.elf"
   text	   data	    bss	    dec	    hex	filename
  63736	   2548	   1152	  67436	  1076c	homework4.elf
 
00:26:22 **** Incremental Build of configuration Debug for project homework4 ****
make -j16 all 
Building file: ../src/hw4.s
Invoking: MCU GCC Assembler
/home/shay/a/will2253/workspace/homework4/Debug
arm-none-eabi-as -mcpu=cortex-m0 -mthumb -mfloat-abi=soft -I"/home/shay/a/will2253/workspace/homework4/StdPeriph_Driver/inc" -I"/home/shay/a/will2253/workspace/homework4/inc" -I"/home/shay/a/will2253/workspace/homework4/CMSIS/device" -I"/home/shay/a/will2253/workspace/homework4/CMSIS/core" -g -o "src/hw4.o" "../src/hw4.s"
Finished building: ../src/hw4.s
 
Building target: homework4.elf
Invoking: MCU GCC Linker
arm-none-eabi-gcc -mcpu=cortex-m0 -mthumb -mfloat-abi=soft -T"/home/shay/a/will2253/workspace/homework4/LinkerScript.ld" -Wl,-Map=output.map -Wl,--gc-sections -o "homework4.elf" @"objects.list"   -lm
Finished building target: homework4.elf
 
make --no-print-directory post-build
Generating binary and Printing size information:
arm-none-eabi-objcopy -O binary "homework4.elf" "homework4.bin"
arm-none-eabi-size "homework4.elf"
   text	   data	    bss	    dec	    hex	filename
  63736	   2548	   1152	  67436	  1076c	homework4.elf
 
00:26:41 **** Incremental Build of configuration Debug for project homework4 ****
make -j16 all 
Building file: ../src/hw4.s
Invoking: MCU GCC Assembler
/home/shay/a/will2253/workspace/homework4/Debug
arm-none-eabi-as -mcpu=cortex-m0 -mthumb -mfloat-abi=soft -I"/home/shay/a/will2253/workspace/homework4/StdPeriph_Driver/inc" -I"/home/shay/a/will2253/workspace/homework4/inc" -I"/home/shay/a/will2253/workspace/homework4/CMSIS/device" -I"/home/shay/a/will2253/workspace/homework4/CMSIS/core" -g -o "src/hw4.o" "../src/hw4.s"
Finished building: ../src/hw4.s
 
Building target: homework4.elf
Invoking: MCU GCC Linker
arm-none-eabi-gcc -mcpu=cortex-m0 -mthumb -mfloat-abi=soft -T"/home/shay/a/will2253/workspace/homework4/LinkerScript.ld" -Wl,-Map=output.map -Wl,--gc-sections -o "homework4.elf" @"objects.list"   -lm
Finished building target: homework4.elf
 
make --no-print-directory post-build
Generating binary and Printing size information:
arm-none-eabi-objcopy -O binary "homework4.elf" "homework4.bin"
arm-none-eabi-size "homework4.elf"
   text	   data	    bss	    dec	    hex	filename
  63736	   2548	   1152	  67436	  1076c	homework4.elf
 
00:27:45 **** Incremental Build of configuration Debug for project homework4 ****
make -j16 all 
Building file: ../src/hw4.s
Invoking: MCU GCC Assembler
/home/shay/a/will2253/workspace/homework4/Debug
arm-none-eabi-as -mcpu=cortex-m0 -mthumb -mfloat-abi=soft -I"/home/shay/a/will2253/workspace/homework4/StdPeriph_Driver/inc" -I"/home/shay/a/will2253/workspace/homework4/inc" -I"/home/shay/a/will2253/workspace/homework4/CMSIS/device" -I"/home/shay/a/will2253/workspace/homework4/CMSIS/core" -g -o "src/hw4.o" "../src/hw4.s"
Finished building: ../src/hw4.s
 
Building target: homework4.elf
Invoking: MCU GCC Linker
arm-none-eabi-gcc -mcpu=cortex-m0 -mthumb -mfloat-abi=soft -T"/home/shay/a/will2253/workspace/homework4/LinkerScript.ld" -Wl,-Map=output.map -Wl,--gc-sections -o "homework4.elf" @"objects.list"   -lm
Finished building target: homework4.elf
 
make --no-print-directory post-build
Generating binary and Printing size information:
arm-none-eabi-objcopy -O binary "homework4.elf" "homework4.bin"
arm-none-eabi-size "homework4.elf"
   text	   data	    bss	    dec	    hex	filename
  63736	   2548	   1152	  67436	  1076c	homework4.elf
 
00:28:09 **** Incremental Build of configuration Debug for project homework4 ****
make -j16 all 
Building file: ../src/hw4.s
Invoking: MCU GCC Assembler
/home/shay/a/will2253/workspace/homework4/Debug
arm-none-eabi-as -mcpu=cortex-m0 -mthumb -mfloat-abi=soft -I"/home/shay/a/will2253/workspace/homework4/StdPeriph_Driver/inc" -I"/home/shay/a/will2253/workspace/homework4/inc" -I"/home/shay/a/will2253/workspace/homework4/CMSIS/device" -I"/home/shay/a/will2253/workspace/homework4/CMSIS/core" -g -o "src/hw4.o" "../src/hw4.s"
Finished building: ../src/hw4.s
 
Building target: homework4.elf
Invoking: MCU GCC Linker
arm-none-eabi-gcc -mcpu=cortex-m0 -mthumb -mfloat-abi=soft -T"/home/shay/a/will2253/workspace/homework4/LinkerScript.ld" -Wl,-Map=output.map -Wl,--gc-sections -o "homework4.elf" @"objects.list"   -lm
Finished building target: homework4.elf
 
make --no-print-directory post-build
Generating binary and Printing size information:
arm-none-eabi-objcopy -O binary "homework4.elf" "homework4.bin"
arm-none-eabi-size "homework4.elf"
   text	   data	    bss	    dec	    hex	filename
  63736	   2548	   1152	  67436	  1076c	homework4.elf
 
00:28:27 **** Incremental Build of configuration Debug for project homework4 ****
make -j16 all 
Building file: ../src/hw4.s
Invoking: MCU GCC Assembler
/home/shay/a/will2253/workspace/homework4/Debug
arm-none-eabi-as -mcpu=cortex-m0 -mthumb -mfloat-abi=soft -I"/home/shay/a/will2253/workspace/homework4/StdPeriph_Driver/inc" -I"/home/shay/a/will2253/workspace/homework4/inc" -I"/home/shay/a/will2253/workspace/homework4/CMSIS/device" -I"/home/shay/a/will2253/workspace/homework4/CMSIS/core" -g -o "src/hw4.o" "../src/hw4.s"
Finished building: ../src/hw4.s
 
Building target: homework4.elf
Invoking: MCU GCC Linker
arm-none-eabi-gcc -mcpu=cortex-m0 -mthumb -mfloat-abi=soft -T"/home/shay/a/will2253/workspace/homework4/LinkerScript.ld" -Wl,-Map=output.map -Wl,--gc-sections -o "homework4.elf" @"objects.list"   -lm
Finished building target: homework4.elf
 
make --no-print-directory post-build
Generating binary and Printing size information:
arm-none-eabi-objcopy -O binary "homework4.elf" "homework4.bin"
arm-none-eabi-size "homework4.elf"
   text	   data	    bss	    dec	    hex	filename
  63736	   2548	   1152	  67436	  1076c	homework4.elf
 
00:28:48 **** Incremental Build of configuration Debug for project homework4 ****
make -j16 all 
Building file: ../src/hw4.s
Invoking: MCU GCC Assembler
/home/shay/a/will2253/workspace/homework4/Debug
arm-none-eabi-as -mcpu=cortex-m0 -mthumb -mfloat-abi=soft -I"/home/shay/a/will2253/workspace/homework4/StdPeriph_Driver/inc" -I"/home/shay/a/will2253/workspace/homework4/inc" -I"/home/shay/a/will2253/workspace/homework4/CMSIS/device" -I"/home/shay/a/will2253/workspace/homework4/CMSIS/core" -g -o "src/hw4.o" "../src/hw4.s"
Finished building: ../src/hw4.s
 
Building target: homework4.elf
Invoking: MCU GCC Linker
arm-none-eabi-gcc -mcpu=cortex-m0 -mthumb -mfloat-abi=soft -T"/home/shay/a/will2253/workspace/homework4/LinkerScript.ld" -Wl,-Map=output.map -Wl,--gc-sections -o "homework4.elf" @"objects.list"   -lm
Finished building target: homework4.elf
 
make --no-print-directory post-build
Generating binary and Printing size information:
arm-none-eabi-objcopy -O binary "homework4.elf" "homework4.bin"
arm-none-eabi-size "homework4.elf"
   text	   data	    bss	    dec	    hex	filename
  63736	   2548	   1152	  67436	  1076c	homework4.elf
 
00:29:03 **** Incremental Build of configuration Debug for project homework4 ****
make -j16 all 
Building file: ../src/hw4.s
Invoking: MCU GCC Assembler
/home/shay/a/will2253/workspace/homework4/Debug
arm-none-eabi-as -mcpu=cortex-m0 -mthumb -mfloat-abi=soft -I"/home/shay/a/will2253/workspace/homework4/StdPeriph_Driver/inc" -I"/home/shay/a/will2253/workspace/homework4/inc" -I"/home/shay/a/will2253/workspace/homework4/CMSIS/device" -I"/home/shay/a/will2253/workspace/homework4/CMSIS/core" -g -o "src/hw4.o" "../src/hw4.s"
Finished building: ../src/hw4.s
 
Building target: homework4.elf
Invoking: MCU GCC Linker
arm-none-eabi-gcc -mcpu=cortex-m0 -mthumb -mfloat-abi=soft -T"/home/shay/a/will2253/workspace/homework4/LinkerScript.ld" -Wl,-Map=output.map -Wl,--gc-sections -o "homework4.elf" @"objects.list"   -lm
Finished building target: homework4.elf
 
make --no-print-directory post-build
Generating binary and Printing size information:
arm-none-eabi-objcopy -O binary "homework4.elf" "homework4.bin"
arm-none-eabi-size "homework4.elf"
   text	   data	    bss	    dec	    hex	filename
  63736	   2548	   1152	  67436	  1076c	homework4.elf
 
00:30:02 **** Incremental Build of configuration Debug for project homework4 ****
make -j16 all 
Building file: ../src/hw4.s
Invoking: MCU GCC Assembler
/home/shay/a/will2253/workspace/homework4/Debug
arm-none-eabi-as -mcpu=cortex-m0 -mthumb -mfloat-abi=soft -I"/home/shay/a/will2253/workspace/homework4/StdPeriph_Driver/inc" -I"/home/shay/a/will2253/workspace/homework4/inc" -I"/home/shay/a/will2253/workspace/homework4/CMSIS/device" -I"/home/shay/a/will2253/workspace/homework4/CMSIS/core" -g -o "src/hw4.o" "../src/hw4.s"
../src/hw4.s: Assembler messages:
../src/hw4.s:72: Warning: register range not in ascending order
../src/hw4.s:74: Warning: register range not in ascending order
Finished building: ../src/hw4.s
 
Building target: homework4.elf
Invoking: MCU GCC Linker
arm-none-eabi-gcc -mcpu=cortex-m0 -mthumb -mfloat-abi=soft -T"/home/shay/a/will2253/workspace/homework4/LinkerScript.ld" -Wl,-Map=output.map -Wl,--gc-sections -o "homework4.elf" @"objects.list"   -lm
Finished building target: homework4.elf
 
make --no-print-directory post-build
Generating binary and Printing size information:
arm-none-eabi-objcopy -O binary "homework4.elf" "homework4.bin"
arm-none-eabi-size "homework4.elf"
   text	   data	    bss	    dec	    hex	filename
  63736	   2548	   1152	  67436	  1076c	homework4.elf
 
00:31:11 **** Incremental Build of configuration Debug for project homework4 ****
make -j16 all 
Building file: ../src/hw4.s
Invoking: MCU GCC Assembler
/home/shay/a/will2253/workspace/homework4/Debug
arm-none-eabi-as -mcpu=cortex-m0 -mthumb -mfloat-abi=soft -I"/home/shay/a/will2253/workspace/homework4/StdPeriph_Driver/inc" -I"/home/shay/a/will2253/workspace/homework4/inc" -I"/home/shay/a/will2253/workspace/homework4/CMSIS/device" -I"/home/shay/a/will2253/workspace/homework4/CMSIS/core" -g -o "src/hw4.o" "../src/hw4.s"
Finished building: ../src/hw4.s
 
Building target: homework4.elf
Invoking: MCU GCC Linker
arm-none-eabi-gcc -mcpu=cortex-m0 -mthumb -mfloat-abi=soft -T"/home/shay/a/will2253/workspace/homework4/LinkerScript.ld" -Wl,-Map=output.map -Wl,--gc-sections -o "homework4.elf" @"objects.list"   -lm
Finished building target: homework4.elf
 
make --no-print-directory post-build
Generating binary and Printing size information:
arm-none-eabi-objcopy -O binary "homework4.elf" "homework4.bin"
arm-none-eabi-size "homework4.elf"
   text	   data	    bss	    dec	    hex	filename
  63736	   2548	   1152	  67436	  1076c	homework4.elf
 
00:31:40 **** Incremental Build of configuration Debug for project homework4 ****
make -j16 all 
Building file: ../src/hw4.s
Invoking: MCU GCC Assembler
/home/shay/a/will2253/workspace/homework4/Debug
arm-none-eabi-as -mcpu=cortex-m0 -mthumb -mfloat-abi=soft -I"/home/shay/a/will2253/workspace/homework4/StdPeriph_Driver/inc" -I"/home/shay/a/will2253/workspace/homework4/inc" -I"/home/shay/a/will2253/workspace/homework4/CMSIS/device" -I"/home/shay/a/will2253/workspace/homework4/CMSIS/core" -g -o "src/hw4.o" "../src/hw4.s"
Finished building: ../src/hw4.s
 
Building target: homework4.elf
Invoking: MCU GCC Linker
arm-none-eabi-gcc -mcpu=cortex-m0 -mthumb -mfloat-abi=soft -T"/home/shay/a/will2253/workspace/homework4/LinkerScript.ld" -Wl,-Map=output.map -Wl,--gc-sections -o "homework4.elf" @"objects.list"   -lm
Finished building target: homework4.elf
 
make --no-print-directory post-build
Generating binary and Printing size information:
arm-none-eabi-objcopy -O binary "homework4.elf" "homework4.bin"
arm-none-eabi-size "homework4.elf"
   text	   data	    bss	    dec	    hex	filename
  63736	   2548	   1152	  67436	  1076c	homework4.elf
 
00:32:32 **** Incremental Build of configuration Debug for project homework4 ****
make -j16 all 
Building file: ../src/hw4.s
Invoking: MCU GCC Assembler
/home/shay/a/will2253/workspace/homework4/Debug
arm-none-eabi-as -mcpu=cortex-m0 -mthumb -mfloat-abi=soft -I"/home/shay/a/will2253/workspace/homework4/StdPeriph_Driver/inc" -I"/home/shay/a/will2253/workspace/homework4/inc" -I"/home/shay/a/will2253/workspace/homework4/CMSIS/device" -I"/home/shay/a/will2253/workspace/homework4/CMSIS/core" -g -o "src/hw4.o" "../src/hw4.s"
Finished building: ../src/hw4.s
 
Building target: homework4.elf
Invoking: MCU GCC Linker
arm-none-eabi-gcc -mcpu=cortex-m0 -mthumb -mfloat-abi=soft -T"/home/shay/a/will2253/workspace/homework4/LinkerScript.ld" -Wl,-Map=output.map -Wl,--gc-sections -o "homework4.elf" @"objects.list"   -lm
Finished building target: homework4.elf
 
make --no-print-directory post-build
Generating binary and Printing size information:
arm-none-eabi-objcopy -O binary "homework4.elf" "homework4.bin"
arm-none-eabi-size "homework4.elf"
   text	   data	    bss	    dec	    hex	filename
  63736	   2548	   1152	  67436	  1076c	homework4.elf
 
00:44:56 **** Incremental Build of configuration Debug for project homework4 ****
make -j16 all 
Building file: ../src/hw4.s
Invoking: MCU GCC Assembler
/home/shay/a/will2253/workspace/homework4/Debug
arm-none-eabi-as -mcpu=cortex-m0 -mthumb -mfloat-abi=soft -I"/home/shay/a/will2253/workspace/homework4/StdPeriph_Driver/inc" -I"/home/shay/a/will2253/workspace/homework4/inc" -I"/home/shay/a/will2253/workspace/homework4/CMSIS/device" -I"/home/shay/a/will2253/workspace/homework4/CMSIS/core" -g -o "src/hw4.o" "../src/hw4.s"
Finished building: ../src/hw4.s
 
Building target: homework4.elf
Invoking: MCU GCC Linker
arm-none-eabi-gcc -mcpu=cortex-m0 -mthumb -mfloat-abi=soft -T"/home/shay/a/will2253/workspace/homework4/LinkerScript.ld" -Wl,-Map=output.map -Wl,--gc-sections -o "homework4.elf" @"objects.list"   -lm
Finished building target: homework4.elf
 
make --no-print-directory post-build
Generating binary and Printing size information:
arm-none-eabi-objcopy -O binary "homework4.elf" "homework4.bin"
arm-none-eabi-size "homework4.elf"
   text	   data	    bss	    dec	    hex	filename
  63756	   2548	   1152	  67456	  10780	homework4.elf
 
00:45:27 **** Incremental Build of configuration Debug for project homework4 ****
make -j16 all 
make: Nothing to be done for 'all'.
00:47:10 **** Incremental Build of configuration Debug for project homework4 ****
make -j16 all 
Building file: ../src/hw4.s
Invoking: MCU GCC Assembler
/home/shay/a/will2253/workspace/homework4/Debug
arm-none-eabi-as -mcpu=cortex-m0 -mthumb -mfloat-abi=soft -I"/home/shay/a/will2253/workspace/homework4/StdPeriph_Driver/inc" -I"/home/shay/a/will2253/workspace/homework4/inc" -I"/home/shay/a/will2253/workspace/homework4/CMSIS/device" -I"/home/shay/a/will2253/workspace/homework4/CMSIS/core" -g -o "src/hw4.o" "../src/hw4.s"
Finished building: ../src/hw4.s
 
Building target: homework4.elf
Invoking: MCU GCC Linker
arm-none-eabi-gcc -mcpu=cortex-m0 -mthumb -mfloat-abi=soft -T"/home/shay/a/will2253/workspace/homework4/LinkerScript.ld" -Wl,-Map=output.map -Wl,--gc-sections -o "homework4.elf" @"objects.list"   -lm
Finished building target: homework4.elf
 
make --no-print-directory post-build
Generating binary and Printing size information:
arm-none-eabi-objcopy -O binary "homework4.elf" "homework4.bin"
arm-none-eabi-size "homework4.elf"
   text	   data	    bss	    dec	    hex	filename
  63756	   2548	   1152	  67456	  10780	homework4.elf
 
00:47:14 **** Incremental Build of configuration Debug for project homework4 ****
make -j16 all 
make: Nothing to be done for 'all'.
00:47:16 **** Incremental Build of configuration Debug for project homework4 ****
make -j16 all 
make: Nothing to be done for 'all'.
00:47:22 **** Incremental Build of configuration Debug for project homework4 ****
make -j16 all 
make: Nothing to be done for 'all'.
00:49:09 **** Incremental Build of configuration Debug for project homework4 ****
make -j16 all 
Building file: ../src/hw4.s
Invoking: MCU GCC Assembler
/home/shay/a/will2253/workspace/homework4/Debug
arm-none-eabi-as -mcpu=cortex-m0 -mthumb -mfloat-abi=soft -I"/home/shay/a/will2253/workspace/homework4/StdPeriph_Driver/inc" -I"/home/shay/a/will2253/workspace/homework4/inc" -I"/home/shay/a/will2253/workspace/homework4/CMSIS/device" -I"/home/shay/a/will2253/workspace/homework4/CMSIS/core" -g -o "src/hw4.o" "../src/hw4.s"
Finished building: ../src/hw4.s
 
Building target: homework4.elf
Invoking: MCU GCC Linker
arm-none-eabi-gcc -mcpu=cortex-m0 -mthumb -mfloat-abi=soft -T"/home/shay/a/will2253/workspace/homework4/LinkerScript.ld" -Wl,-Map=output.map -Wl,--gc-sections -o "homework4.elf" @"objects.list"   -lm
Finished building target: homework4.elf
 
make --no-print-directory post-build
Generating binary and Printing size information:
arm-none-eabi-objcopy -O binary "homework4.elf" "homework4.bin"
arm-none-eabi-size "homework4.elf"
   text	   data	    bss	    dec	    hex	filename
  63756	   2548	   1152	  67456	  10780	homework4.elf
 
00:49:58 **** Incremental Build of configuration Debug for project homework4 ****
make -j16 all 
Building file: ../src/hw4.s
Invoking: MCU GCC Assembler
/home/shay/a/will2253/workspace/homework4/Debug
arm-none-eabi-as -mcpu=cortex-m0 -mthumb -mfloat-abi=soft -I"/home/shay/a/will2253/workspace/homework4/StdPeriph_Driver/inc" -I"/home/shay/a/will2253/workspace/homework4/inc" -I"/home/shay/a/will2253/workspace/homework4/CMSIS/device" -I"/home/shay/a/will2253/workspace/homework4/CMSIS/core" -g -o "src/hw4.o" "../src/hw4.s"
Finished building: ../src/hw4.s
 
Building target: homework4.elf
Invoking: MCU GCC Linker
arm-none-eabi-gcc -mcpu=cortex-m0 -mthumb -mfloat-abi=soft -T"/home/shay/a/will2253/workspace/homework4/LinkerScript.ld" -Wl,-Map=output.map -Wl,--gc-sections -o "homework4.elf" @"objects.list"   -lm
Finished building target: homework4.elf
 
make --no-print-directory post-build
Generating binary and Printing size information:
arm-none-eabi-objcopy -O binary "homework4.elf" "homework4.bin"
arm-none-eabi-size "homework4.elf"
   text	   data	    bss	    dec	    hex	filename
  63756	   2548	   1152	  67456	  10780	homework4.elf
 
00:50:24 **** Incremental Build of configuration Debug for project homework4 ****
make -j16 all 
make: Nothing to be done for 'all'.
00:52:01 **** Incremental Build of configuration Debug for project homework4 ****
make -j16 all 
make: Nothing to be done for 'all'.
00:52:33 **** Incremental Build of configuration Debug for project homework4 ****
make -j16 all 
make: Nothing to be done for 'all'.
00:52:48 **** Incremental Build of configuration Debug for project homework4 ****
make -j16 all 
make: Nothing to be done for 'all'.
00:54:03 **** Incremental Build of configuration Debug for project homework4 ****
make -j16 all 
Building file: ../src/hw4.s
Invoking: MCU GCC Assembler
/home/shay/a/will2253/workspace/homework4/Debug
arm-none-eabi-as -mcpu=cortex-m0 -mthumb -mfloat-abi=soft -I"/home/shay/a/will2253/workspace/homework4/StdPeriph_Driver/inc" -I"/home/shay/a/will2253/workspace/homework4/inc" -I"/home/shay/a/will2253/workspace/homework4/CMSIS/device" -I"/home/shay/a/will2253/workspace/homework4/CMSIS/core" -g -o "src/hw4.o" "../src/hw4.s"
Finished building: ../src/hw4.s
 
Building target: homework4.elf
Invoking: MCU GCC Linker
arm-none-eabi-gcc -mcpu=cortex-m0 -mthumb -mfloat-abi=soft -T"/home/shay/a/will2253/workspace/homework4/LinkerScript.ld" -Wl,-Map=output.map -Wl,--gc-sections -o "homework4.elf" @"objects.list"   -lm
Finished building target: homework4.elf
 
make --no-print-directory post-build
Generating binary and Printing size information:
arm-none-eabi-objcopy -O binary "homework4.elf" "homework4.bin"
arm-none-eabi-size "homework4.elf"
   text	   data	    bss	    dec	    hex	filename
  63756	   2548	   1152	  67456	  10780	homework4.elf
 
00:54:11 **** Incremental Build of configuration Debug for project homework4 ****
make -j16 all 
make: Nothing to be done for 'all'.
00:55:01 **** Incremental Build of configuration Debug for project homework4 ****
make -j16 all 
Building file: ../src/hw4.s
Invoking: MCU GCC Assembler
/home/shay/a/will2253/workspace/homework4/Debug
arm-none-eabi-as -mcpu=cortex-m0 -mthumb -mfloat-abi=soft -I"/home/shay/a/will2253/workspace/homework4/StdPeriph_Driver/inc" -I"/home/shay/a/will2253/workspace/homework4/inc" -I"/home/shay/a/will2253/workspace/homework4/CMSIS/device" -I"/home/shay/a/will2253/workspace/homework4/CMSIS/core" -g -o "src/hw4.o" "../src/hw4.s"
Finished building: ../src/hw4.s
 
Building target: homework4.elf
Invoking: MCU GCC Linker
arm-none-eabi-gcc -mcpu=cortex-m0 -mthumb -mfloat-abi=soft -T"/home/shay/a/will2253/workspace/homework4/LinkerScript.ld" -Wl,-Map=output.map -Wl,--gc-sections -o "homework4.elf" @"objects.list"   -lm
Finished building target: homework4.elf
 
make --no-print-directory post-build
Generating binary and Printing size information:
arm-none-eabi-objcopy -O binary "homework4.elf" "homework4.bin"
arm-none-eabi-size "homework4.elf"
   text	   data	    bss	    dec	    hex	filename
  63756	   2548	   1152	  67456	  10780	homework4.elf
 
00:55:49 **** Incremental Build of configuration Debug for project homework4 ****
make -j16 all 
make: Nothing to be done for 'all'.
