12:16:02 **** Incremental Build of configuration Debug for project lab7 ****
make -j16 all 
make: Nothing to be done for 'all'.
12:16:05 **** Incremental Build of configuration Debug for project lab7 ****
make -j16 all 
make: Nothing to be done for 'all'.
12:17:20 **** Incremental Build of configuration Debug for project lab7 ****
make -j16 all 
Building file: ../src/main.c
Invoking: MCU GCC Compiler
/home/shay/a/will2253/workspace/lab7/Debug
arm-none-eabi-gcc -mcpu=cortex-m0 -mthumb -mfloat-abi=soft -DSTM32 -DSTM32F0 -DSTM32F091RCTx -DDEBUG -DSTM32F091 -DUSE_STDPERIPH_DRIVER -I"/home/shay/a/will2253/workspace/lab7/StdPeriph_Driver/inc" -I"/home/shay/a/will2253/workspace/lab7/inc" -I"/home/shay/a/will2253/workspace/lab7/CMSIS/device" -I"/home/shay/a/will2253/workspace/lab7/CMSIS/core" -O0 -g3 -Wall -fmessage-length=0 -ffunction-sections -c -MMD -MP -MF"src/main.d" -MT"src/main.o" -o "src/main.o" "../src/main.c"
Finished building: ../src/main.c
 
Building target: lab7.elf
Invoking: MCU GCC Linker
arm-none-eabi-gcc -mcpu=cortex-m0 -mthumb -mfloat-abi=soft -T"/home/shay/a/will2253/workspace/lab7/LinkerScript.ld" -Wl,-Map=output.map -Wl,--gc-sections -o "lab7.elf" @"objects.list"   -lm
Finished building target: lab7.elf
 
make --no-print-directory post-build
Generating binary and Printing size information:
arm-none-eabi-objcopy -O binary "lab7.elf" "lab7.bin"
arm-none-eabi-size "lab7.elf"
   text	   data	    bss	    dec	    hex	filename
  22116	   1104	   3276	  26496	   6780	lab7.elf
 
12:18:14 **** Incremental Build of configuration Debug for project lab7 ****
make -j16 all 
Building file: ../src/main.c
Invoking: MCU GCC Compiler
/home/shay/a/will2253/workspace/lab7/Debug
arm-none-eabi-gcc -mcpu=cortex-m0 -mthumb -mfloat-abi=soft -DSTM32 -DSTM32F0 -DSTM32F091RCTx -DDEBUG -DSTM32F091 -DUSE_STDPERIPH_DRIVER -I"/home/shay/a/will2253/workspace/lab7/StdPeriph_Driver/inc" -I"/home/shay/a/will2253/workspace/lab7/inc" -I"/home/shay/a/will2253/workspace/lab7/CMSIS/device" -I"/home/shay/a/will2253/workspace/lab7/CMSIS/core" -O0 -g3 -Wall -fmessage-length=0 -ffunction-sections -c -MMD -MP -MF"src/main.d" -MT"src/main.o" -o "src/main.o" "../src/main.c"
Finished building: ../src/main.c
 
Building target: lab7.elf
Invoking: MCU GCC Linker
arm-none-eabi-gcc -mcpu=cortex-m0 -mthumb -mfloat-abi=soft -T"/home/shay/a/will2253/workspace/lab7/LinkerScript.ld" -Wl,-Map=output.map -Wl,--gc-sections -o "lab7.elf" @"objects.list"   -lm
Finished building target: lab7.elf
 
make --no-print-directory post-build
Generating binary and Printing size information:
arm-none-eabi-objcopy -O binary "lab7.elf" "lab7.bin"
arm-none-eabi-size "lab7.elf"
   text	   data	    bss	    dec	    hex	filename
   6276	   1104	   3276	  10656	   29a0	lab7.elf
 
12:18:37 **** Incremental Build of configuration Debug for project lab7 ****
make -j16 all 
Building file: ../src/main.c
Invoking: MCU GCC Compiler
/home/shay/a/will2253/workspace/lab7/Debug
arm-none-eabi-gcc -mcpu=cortex-m0 -mthumb -mfloat-abi=soft -DSTM32 -DSTM32F0 -DSTM32F091RCTx -DDEBUG -DSTM32F091 -DUSE_STDPERIPH_DRIVER -I"/home/shay/a/will2253/workspace/lab7/StdPeriph_Driver/inc" -I"/home/shay/a/will2253/workspace/lab7/inc" -I"/home/shay/a/will2253/workspace/lab7/CMSIS/device" -I"/home/shay/a/will2253/workspace/lab7/CMSIS/core" -O0 -g3 -Wall -fmessage-length=0 -ffunction-sections -c -MMD -MP -MF"src/main.d" -MT"src/main.o" -o "src/main.o" "../src/main.c"
Finished building: ../src/main.c
 
Building target: lab7.elf
Invoking: MCU GCC Linker
arm-none-eabi-gcc -mcpu=cortex-m0 -mthumb -mfloat-abi=soft -T"/home/shay/a/will2253/workspace/lab7/LinkerScript.ld" -Wl,-Map=output.map -Wl,--gc-sections -o "lab7.elf" @"objects.list"   -lm
Finished building target: lab7.elf
 
make --no-print-directory post-build
Generating binary and Printing size information:
arm-none-eabi-objcopy -O binary "lab7.elf" "lab7.bin"
arm-none-eabi-size "lab7.elf"
   text	   data	    bss	    dec	    hex	filename
  22116	   1104	   3276	  26496	   6780	lab7.elf
 
12:23:01 **** Incremental Build of configuration Debug for project lab7 ****
make -j16 all 
make: Nothing to be done for 'all'.
12:23:55 **** Incremental Build of configuration Debug for project lab7 ****
make -j16 all 
make: Nothing to be done for 'all'.
12:27:57 **** Incremental Build of configuration Debug for project lab7 ****
make -j16 all 
Building file: ../src/main.c
Invoking: MCU GCC Compiler
/home/shay/a/will2253/workspace/lab7/Debug
arm-none-eabi-gcc -mcpu=cortex-m0 -mthumb -mfloat-abi=soft -DSTM32 -DSTM32F0 -DSTM32F091RCTx -DDEBUG -DSTM32F091 -DUSE_STDPERIPH_DRIVER -I"/home/shay/a/will2253/workspace/lab7/StdPeriph_Driver/inc" -I"/home/shay/a/will2253/workspace/lab7/inc" -I"/home/shay/a/will2253/workspace/lab7/CMSIS/device" -I"/home/shay/a/will2253/workspace/lab7/CMSIS/core" -O0 -g3 -Wall -fmessage-length=0 -ffunction-sections -c -MMD -MP -MF"src/main.d" -MT"src/main.o" -o "src/main.o" "../src/main.c"
Finished building: ../src/main.c
 
Building target: lab7.elf
Invoking: MCU GCC Linker
arm-none-eabi-gcc -mcpu=cortex-m0 -mthumb -mfloat-abi=soft -T"/home/shay/a/will2253/workspace/lab7/LinkerScript.ld" -Wl,-Map=output.map -Wl,--gc-sections -o "lab7.elf" @"objects.list"   -lm
Finished building target: lab7.elf
 
make --no-print-directory post-build
Generating binary and Printing size information:
arm-none-eabi-objcopy -O binary "lab7.elf" "lab7.bin"
arm-none-eabi-size "lab7.elf"
   text	   data	    bss	    dec	    hex	filename
  22120	   1104	   3276	  26500	   6784	lab7.elf
 
12:28:05 **** Incremental Build of configuration Debug for project lab7 ****
make -j16 all 
make: Nothing to be done for 'all'.
12:29:37 **** Incremental Build of configuration Debug for project lab7 ****
make -j16 all 
Building file: ../src/main.c
Invoking: MCU GCC Compiler
/home/shay/a/will2253/workspace/lab7/Debug
arm-none-eabi-gcc -mcpu=cortex-m0 -mthumb -mfloat-abi=soft -DSTM32 -DSTM32F0 -DSTM32F091RCTx -DDEBUG -DSTM32F091 -DUSE_STDPERIPH_DRIVER -I"/home/shay/a/will2253/workspace/lab7/StdPeriph_Driver/inc" -I"/home/shay/a/will2253/workspace/lab7/inc" -I"/home/shay/a/will2253/workspace/lab7/CMSIS/device" -I"/home/shay/a/will2253/workspace/lab7/CMSIS/core" -O0 -g3 -Wall -fmessage-length=0 -ffunction-sections -c -MMD -MP -MF"src/main.d" -MT"src/main.o" -o "src/main.o" "../src/main.c"
Finished building: ../src/main.c
 
Building target: lab7.elf
Invoking: MCU GCC Linker
arm-none-eabi-gcc -mcpu=cortex-m0 -mthumb -mfloat-abi=soft -T"/home/shay/a/will2253/workspace/lab7/LinkerScript.ld" -Wl,-Map=output.map -Wl,--gc-sections -o "lab7.elf" @"objects.list"   -lm
Finished building target: lab7.elf
 
make --no-print-directory post-build
Generating binary and Printing size information:
arm-none-eabi-objcopy -O binary "lab7.elf" "lab7.bin"
arm-none-eabi-size "lab7.elf"
   text	   data	    bss	    dec	    hex	filename
  22148	   1104	   3276	  26528	   67a0	lab7.elf
 
12:30:04 **** Incremental Build of configuration Debug for project lab7 ****
make -j16 all 
Building file: ../src/main.c
Invoking: MCU GCC Compiler
/home/shay/a/will2253/workspace/lab7/Debug
arm-none-eabi-gcc -mcpu=cortex-m0 -mthumb -mfloat-abi=soft -DSTM32 -DSTM32F0 -DSTM32F091RCTx -DDEBUG -DSTM32F091 -DUSE_STDPERIPH_DRIVER -I"/home/shay/a/will2253/workspace/lab7/StdPeriph_Driver/inc" -I"/home/shay/a/will2253/workspace/lab7/inc" -I"/home/shay/a/will2253/workspace/lab7/CMSIS/device" -I"/home/shay/a/will2253/workspace/lab7/CMSIS/core" -O0 -g3 -Wall -fmessage-length=0 -ffunction-sections -c -MMD -MP -MF"src/main.d" -MT"src/main.o" -o "src/main.o" "../src/main.c"
Finished building: ../src/main.c
 
Building target: lab7.elf
Invoking: MCU GCC Linker
arm-none-eabi-gcc -mcpu=cortex-m0 -mthumb -mfloat-abi=soft -T"/home/shay/a/will2253/workspace/lab7/LinkerScript.ld" -Wl,-Map=output.map -Wl,--gc-sections -o "lab7.elf" @"objects.list"   -lm
Finished building target: lab7.elf
 
make --no-print-directory post-build
Generating binary and Printing size information:
arm-none-eabi-objcopy -O binary "lab7.elf" "lab7.bin"
arm-none-eabi-size "lab7.elf"
   text	   data	    bss	    dec	    hex	filename
  22144	   1104	   3276	  26524	   679c	lab7.elf
 
12:31:33 **** Incremental Build of configuration Debug for project lab7 ****
make -j16 all 
Building file: ../src/main.c
Invoking: MCU GCC Compiler
/home/shay/a/will2253/workspace/lab7/Debug
arm-none-eabi-gcc -mcpu=cortex-m0 -mthumb -mfloat-abi=soft -DSTM32 -DSTM32F0 -DSTM32F091RCTx -DDEBUG -DSTM32F091 -DUSE_STDPERIPH_DRIVER -I"/home/shay/a/will2253/workspace/lab7/StdPeriph_Driver/inc" -I"/home/shay/a/will2253/workspace/lab7/inc" -I"/home/shay/a/will2253/workspace/lab7/CMSIS/device" -I"/home/shay/a/will2253/workspace/lab7/CMSIS/core" -O0 -g3 -Wall -fmessage-length=0 -ffunction-sections -c -MMD -MP -MF"src/main.d" -MT"src/main.o" -o "src/main.o" "../src/main.c"
Finished building: ../src/main.c
 
Building target: lab7.elf
Invoking: MCU GCC Linker
arm-none-eabi-gcc -mcpu=cortex-m0 -mthumb -mfloat-abi=soft -T"/home/shay/a/will2253/workspace/lab7/LinkerScript.ld" -Wl,-Map=output.map -Wl,--gc-sections -o "lab7.elf" @"objects.list"   -lm
Finished building target: lab7.elf
 
make --no-print-directory post-build
Generating binary and Printing size information:
arm-none-eabi-objcopy -O binary "lab7.elf" "lab7.bin"
arm-none-eabi-size "lab7.elf"
   text	   data	    bss	    dec	    hex	filename
  22144	   1104	   3276	  26524	   679c	lab7.elf
 
12:36:03 **** Incremental Build of configuration Debug for project lab7 ****
make -j16 all 
Building file: ../src/main.c
Invoking: MCU GCC Compiler
/home/shay/a/will2253/workspace/lab7/Debug
arm-none-eabi-gcc -mcpu=cortex-m0 -mthumb -mfloat-abi=soft -DSTM32 -DSTM32F0 -DSTM32F091RCTx -DDEBUG -DSTM32F091 -DUSE_STDPERIPH_DRIVER -I"/home/shay/a/will2253/workspace/lab7/StdPeriph_Driver/inc" -I"/home/shay/a/will2253/workspace/lab7/inc" -I"/home/shay/a/will2253/workspace/lab7/CMSIS/device" -I"/home/shay/a/will2253/workspace/lab7/CMSIS/core" -O0 -g3 -Wall -fmessage-length=0 -ffunction-sections -c -MMD -MP -MF"src/main.d" -MT"src/main.o" -o "src/main.o" "../src/main.c"
Finished building: ../src/main.c
 
Building target: lab7.elf
Invoking: MCU GCC Linker
arm-none-eabi-gcc -mcpu=cortex-m0 -mthumb -mfloat-abi=soft -T"/home/shay/a/will2253/workspace/lab7/LinkerScript.ld" -Wl,-Map=output.map -Wl,--gc-sections -o "lab7.elf" @"objects.list"   -lm
Finished building target: lab7.elf
 
make --no-print-directory post-build
Generating binary and Printing size information:
arm-none-eabi-objcopy -O binary "lab7.elf" "lab7.bin"
arm-none-eabi-size "lab7.elf"
   text	   data	    bss	    dec	    hex	filename
  20708	   1104	   3276	  25088	   6200	lab7.elf
 
12:38:44 **** Incremental Build of configuration Debug for project lab7 ****
make -j16 all 
make: Nothing to be done for 'all'.
12:40:23 **** Incremental Build of configuration Debug for project lab7 ****
make -j16 all 
Building file: ../src/main.c
Invoking: MCU GCC Compiler
/home/shay/a/will2253/workspace/lab7/Debug
arm-none-eabi-gcc -mcpu=cortex-m0 -mthumb -mfloat-abi=soft -DSTM32 -DSTM32F0 -DSTM32F091RCTx -DDEBUG -DSTM32F091 -DUSE_STDPERIPH_DRIVER -I"/home/shay/a/will2253/workspace/lab7/StdPeriph_Driver/inc" -I"/home/shay/a/will2253/workspace/lab7/inc" -I"/home/shay/a/will2253/workspace/lab7/CMSIS/device" -I"/home/shay/a/will2253/workspace/lab7/CMSIS/core" -O0 -g3 -Wall -fmessage-length=0 -ffunction-sections -c -MMD -MP -MF"src/main.d" -MT"src/main.o" -o "src/main.o" "../src/main.c"
Finished building: ../src/main.c
 
Building target: lab7.elf
Invoking: MCU GCC Linker
arm-none-eabi-gcc -mcpu=cortex-m0 -mthumb -mfloat-abi=soft -T"/home/shay/a/will2253/workspace/lab7/LinkerScript.ld" -Wl,-Map=output.map -Wl,--gc-sections -o "lab7.elf" @"objects.list"   -lm
Finished building target: lab7.elf
 
make --no-print-directory post-build
Generating binary and Printing size information:
arm-none-eabi-objcopy -O binary "lab7.elf" "lab7.bin"
arm-none-eabi-size "lab7.elf"
   text	   data	    bss	    dec	    hex	filename
  20708	   1104	   3276	  25088	   6200	lab7.elf
 
12:43:26 **** Incremental Build of configuration Debug for project lab7 ****
make -j16 all 
Building file: ../src/main.c
Invoking: MCU GCC Compiler
/home/shay/a/will2253/workspace/lab7/Debug
arm-none-eabi-gcc -mcpu=cortex-m0 -mthumb -mfloat-abi=soft -DSTM32 -DSTM32F0 -DSTM32F091RCTx -DDEBUG -DSTM32F091 -DUSE_STDPERIPH_DRIVER -I"/home/shay/a/will2253/workspace/lab7/StdPeriph_Driver/inc" -I"/home/shay/a/will2253/workspace/lab7/inc" -I"/home/shay/a/will2253/workspace/lab7/CMSIS/device" -I"/home/shay/a/will2253/workspace/lab7/CMSIS/core" -O0 -g3 -Wall -fmessage-length=0 -ffunction-sections -c -MMD -MP -MF"src/main.d" -MT"src/main.o" -o "src/main.o" "../src/main.c"
../src/main.c: In function 'TIM6_DAC_IRQHandler':
../src/main.c:260:18: error: 'samp' undeclared (first use in this function); did you mean 'sample'?
src/subdir.mk:27: recipe for target 'src/main.o' failed
     TIM1->CCR4 = samp;
                  ^~~~
                  sample
../src/main.c:260:18: note: each undeclared identifier is reported only once for each function it appears in
make: *** [src/main.o] Error 1
12:43:36 **** Incremental Build of configuration Debug for project lab7 ****
make -j16 all 
Building file: ../src/main.c
Invoking: MCU GCC Compiler
/home/shay/a/will2253/workspace/lab7/Debug
arm-none-eabi-gcc -mcpu=cortex-m0 -mthumb -mfloat-abi=soft -DSTM32 -DSTM32F0 -DSTM32F091RCTx -DDEBUG -DSTM32F091 -DUSE_STDPERIPH_DRIVER -I"/home/shay/a/will2253/workspace/lab7/StdPeriph_Driver/inc" -I"/home/shay/a/will2253/workspace/lab7/inc" -I"/home/shay/a/will2253/workspace/lab7/CMSIS/device" -I"/home/shay/a/will2253/workspace/lab7/CMSIS/core" -O0 -g3 -Wall -fmessage-length=0 -ffunction-sections -c -MMD -MP -MF"src/main.d" -MT"src/main.o" -o "src/main.o" "../src/main.c"
Finished building: ../src/main.c
 
Building target: lab7.elf
Invoking: MCU GCC Linker
arm-none-eabi-gcc -mcpu=cortex-m0 -mthumb -mfloat-abi=soft -T"/home/shay/a/will2253/workspace/lab7/LinkerScript.ld" -Wl,-Map=output.map -Wl,--gc-sections -o "lab7.elf" @"objects.list"   -lm
Finished building target: lab7.elf
 
make --no-print-directory post-build
Generating binary and Printing size information:
arm-none-eabi-objcopy -O binary "lab7.elf" "lab7.bin"
arm-none-eabi-size "lab7.elf"
   text	   data	    bss	    dec	    hex	filename
  20684	   1104	   3276	  25064	   61e8	lab7.elf
 
12:45:59 **** Incremental Build of configuration Debug for project lab7 ****
make -j16 all 
make: Nothing to be done for 'all'.
12:46:34 **** Incremental Build of configuration Debug for project lab7 ****
make -j16 all 
make: Nothing to be done for 'all'.
12:50:23 **** Incremental Build of configuration Debug for project lab7 ****
make -j16 all 
Building file: ../src/main.c
Invoking: MCU GCC Compiler
/home/shay/a/will2253/workspace/lab7/Debug
arm-none-eabi-gcc -mcpu=cortex-m0 -mthumb -mfloat-abi=soft -DSTM32 -DSTM32F0 -DSTM32F091RCTx -DDEBUG -DSTM32F091 -DUSE_STDPERIPH_DRIVER -I"/home/shay/a/will2253/workspace/lab7/StdPeriph_Driver/inc" -I"/home/shay/a/will2253/workspace/lab7/inc" -I"/home/shay/a/will2253/workspace/lab7/CMSIS/device" -I"/home/shay/a/will2253/workspace/lab7/CMSIS/core" -O0 -g3 -Wall -fmessage-length=0 -ffunction-sections -c -MMD -MP -MF"src/main.d" -MT"src/main.o" -o "src/main.o" "../src/main.c"
Finished building: ../src/main.c
 
Building target: lab7.elf
Invoking: MCU GCC Linker
arm-none-eabi-gcc -mcpu=cortex-m0 -mthumb -mfloat-abi=soft -T"/home/shay/a/will2253/workspace/lab7/LinkerScript.ld" -Wl,-Map=output.map -Wl,--gc-sections -o "lab7.elf" @"objects.list"   -lm
Finished building target: lab7.elf
 
make --no-print-directory post-build
Generating binary and Printing size information:
arm-none-eabi-objcopy -O binary "lab7.elf" "lab7.bin"
arm-none-eabi-size "lab7.elf"
   text	   data	    bss	    dec	    hex	filename
  22120	   1104	   3276	  26500	   6784	lab7.elf
 
12:50:59 **** Incremental Build of configuration Debug for project lab7 ****
make -j16 all 
Building file: ../src/main.c
Invoking: MCU GCC Compiler
/home/shay/a/will2253/workspace/lab7/Debug
arm-none-eabi-gcc -mcpu=cortex-m0 -mthumb -mfloat-abi=soft -DSTM32 -DSTM32F0 -DSTM32F091RCTx -DDEBUG -DSTM32F091 -DUSE_STDPERIPH_DRIVER -I"/home/shay/a/will2253/workspace/lab7/StdPeriph_Driver/inc" -I"/home/shay/a/will2253/workspace/lab7/inc" -I"/home/shay/a/will2253/workspace/lab7/CMSIS/device" -I"/home/shay/a/will2253/workspace/lab7/CMSIS/core" -O0 -g3 -Wall -fmessage-length=0 -ffunction-sections -c -MMD -MP -MF"src/main.d" -MT"src/main.o" -o "src/main.o" "../src/main.c"
Finished building: ../src/main.c
 
Building target: lab7.elf
Invoking: MCU GCC Linker
arm-none-eabi-gcc -mcpu=cortex-m0 -mthumb -mfloat-abi=soft -T"/home/shay/a/will2253/workspace/lab7/LinkerScript.ld" -Wl,-Map=output.map -Wl,--gc-sections -o "lab7.elf" @"objects.list"   -lm
Finished building target: lab7.elf
 
make --no-print-directory post-build
Generating binary and Printing size information:
arm-none-eabi-objcopy -O binary "lab7.elf" "lab7.bin"
arm-none-eabi-size "lab7.elf"
   text	   data	    bss	    dec	    hex	filename
   6276	   1104	   3276	  10656	   29a0	lab7.elf
 
13:13:13 **** Incremental Build of configuration Debug for project lab7 ****
make -j16 all 
Building file: ../src/main.c
Invoking: MCU GCC Compiler
/home/shay/a/will2253/workspace/lab7/Debug
arm-none-eabi-gcc -mcpu=cortex-m0 -mthumb -mfloat-abi=soft -DSTM32 -DSTM32F0 -DSTM32F091RCTx -DDEBUG -DSTM32F091 -DUSE_STDPERIPH_DRIVER -I"/home/shay/a/will2253/workspace/lab7/StdPeriph_Driver/inc" -I"/home/shay/a/will2253/workspace/lab7/inc" -I"/home/shay/a/will2253/workspace/lab7/CMSIS/device" -I"/home/shay/a/will2253/workspace/lab7/CMSIS/core" -O0 -g3 -Wall -fmessage-length=0 -ffunction-sections -c -MMD -MP -MF"src/main.d" -MT"src/main.o" -o "src/main.o" "../src/main.c"
Finished building: ../src/main.c
 
Building target: lab7.elf
Invoking: MCU GCC Linker
arm-none-eabi-gcc -mcpu=cortex-m0 -mthumb -mfloat-abi=soft -T"/home/shay/a/will2253/workspace/lab7/LinkerScript.ld" -Wl,-Map=output.map -Wl,--gc-sections -o "lab7.elf" @"objects.list"   -lm
Finished building target: lab7.elf
 
make --no-print-directory post-build
Generating binary and Printing size information:
arm-none-eabi-objcopy -O binary "lab7.elf" "lab7.bin"
arm-none-eabi-size "lab7.elf"
   text	   data	    bss	    dec	    hex	filename
   6276	   1104	   3276	  10656	   29a0	lab7.elf
 
13:13:40 **** Incremental Build of configuration Debug for project lab7 ****
make -j16 all 
Building file: ../src/main.c
Invoking: MCU GCC Compiler
/home/shay/a/will2253/workspace/lab7/Debug
arm-none-eabi-gcc -mcpu=cortex-m0 -mthumb -mfloat-abi=soft -DSTM32 -DSTM32F0 -DSTM32F091RCTx -DDEBUG -DSTM32F091 -DUSE_STDPERIPH_DRIVER -I"/home/shay/a/will2253/workspace/lab7/StdPeriph_Driver/inc" -I"/home/shay/a/will2253/workspace/lab7/inc" -I"/home/shay/a/will2253/workspace/lab7/CMSIS/device" -I"/home/shay/a/will2253/workspace/lab7/CMSIS/core" -O0 -g3 -Wall -fmessage-length=0 -ffunction-sections -c -MMD -MP -MF"src/main.d" -MT"src/main.o" -o "src/main.o" "../src/main.c"
Finished building: ../src/main.c
 
Building target: lab7.elf
Invoking: MCU GCC Linker
arm-none-eabi-gcc -mcpu=cortex-m0 -mthumb -mfloat-abi=soft -T"/home/shay/a/will2253/workspace/lab7/LinkerScript.ld" -Wl,-Map=output.map -Wl,--gc-sections -o "lab7.elf" @"objects.list"   -lm
Finished building target: lab7.elf
 
make --no-print-directory post-build
Generating binary and Printing size information:
arm-none-eabi-objcopy -O binary "lab7.elf" "lab7.bin"
arm-none-eabi-size "lab7.elf"
   text	   data	    bss	    dec	    hex	filename
  21000	   1104	   3276	  25380	   6324	lab7.elf
 
13:17:04 **** Incremental Build of configuration Debug for project lab7 ****
make -j16 all 
Building file: ../src/main.c
Invoking: MCU GCC Compiler
/home/shay/a/will2253/workspace/lab7/Debug
arm-none-eabi-gcc -mcpu=cortex-m0 -mthumb -mfloat-abi=soft -DSTM32 -DSTM32F0 -DSTM32F091RCTx -DDEBUG -DSTM32F091 -DUSE_STDPERIPH_DRIVER -I"/home/shay/a/will2253/workspace/lab7/StdPeriph_Driver/inc" -I"/home/shay/a/will2253/workspace/lab7/inc" -I"/home/shay/a/will2253/workspace/lab7/CMSIS/device" -I"/home/shay/a/will2253/workspace/lab7/CMSIS/core" -O0 -g3 -Wall -fmessage-length=0 -ffunction-sections -c -MMD -MP -MF"src/main.d" -MT"src/main.o" -o "src/main.o" "../src/main.c"
Finished building: ../src/main.c
 
Building target: lab7.elf
Invoking: MCU GCC Linker
arm-none-eabi-gcc -mcpu=cortex-m0 -mthumb -mfloat-abi=soft -T"/home/shay/a/will2253/workspace/lab7/LinkerScript.ld" -Wl,-Map=output.map -Wl,--gc-sections -o "lab7.elf" @"objects.list"   -lm
Finished building target: lab7.elf
 
make --no-print-directory post-build
Generating binary and Printing size information:
arm-none-eabi-objcopy -O binary "lab7.elf" "lab7.bin"
arm-none-eabi-size "lab7.elf"
   text	   data	    bss	    dec	    hex	filename
  20980	   1104	   3276	  25360	   6310	lab7.elf
 
