21:42:56 **** Incremental Build of configuration Debug for project lab6 ****
make -j16 all 
Building file: ../src/main.c
Invoking: MCU GCC Compiler
/home/shay/a/will2253/workspace/lab6/Debug
arm-none-eabi-gcc -mcpu=cortex-m0 -mthumb -mfloat-abi=soft -DSTM32 -DSTM32F0 -DSTM32F091RCTx -DDEBUG -DSTM32F091 -DUSE_STDPERIPH_DRIVER -I"/home/shay/a/will2253/workspace/lab6/StdPeriph_Driver/inc" -I"/home/shay/a/will2253/workspace/lab6/inc" -I"/home/shay/a/will2253/workspace/lab6/CMSIS/device" -I"/home/shay/a/will2253/workspace/lab6/CMSIS/core" -O0 -g3 -Wall -fmessage-length=0 -ffunction-sections -c -MMD -MP -MF"src/main.d" -MT"src/main.o" -o "src/main.o" "../src/main.c"
Finished building: ../src/main.c
 
Building target: lab6.elf
Invoking: MCU GCC Linker
arm-none-eabi-gcc -mcpu=cortex-m0 -mthumb -mfloat-abi=soft -T"/home/shay/a/will2253/workspace/lab6/LinkerScript.ld" -Wl,-Map=output.map -Wl,--gc-sections -o "lab6.elf" @"objects.list"   -lm
Finished building target: lab6.elf
 
make --no-print-directory post-build
Generating binary and Printing size information:
arm-none-eabi-objcopy -O binary "lab6.elf" "lab6.bin"
arm-none-eabi-size "lab6.elf"
   text	   data	    bss	    dec	    hex	filename
  20044	   1104	   3276	  24424	   5f68	lab6.elf
 

21:42:56 Build Finished (took 413ms)

